Archive member included to satisfy reference by file (symbol)

c:/st/stm32cubeide_1.9.0/stm32cubeide/plugins/com.st.stm32cube.ide.mcu.externaltools.gnu-tools-for-stm32.10.3-2021.10.win32_1.0.0.202111181127/tools/bin/../lib/gcc/arm-none-eabi/10.3.1/../../../../arm-none-eabi/lib/thumb/v7e-m+fp/hard\libc_nano.a(lib_a-errno.o)
                              ./Core/Src/syscalls.o (__errno)
c:/st/stm32cubeide_1.9.0/stm32cubeide/plugins/com.st.stm32cube.ide.mcu.externaltools.gnu-tools-for-stm32.10.3-2021.10.win32_1.0.0.202111181127/tools/bin/../lib/gcc/arm-none-eabi/10.3.1/../../../../arm-none-eabi/lib/thumb/v7e-m+fp/hard\libc_nano.a(lib_a-exit.o)
                              c:/st/stm32cubeide_1.9.0/stm32cubeide/plugins/com.st.stm32cube.ide.mcu.externaltools.gnu-tools-for-stm32.10.3-2021.10.win32_1.0.0.202111181127/tools/bin/../lib/gcc/arm-none-eabi/10.3.1/../../../../arm-none-eabi/lib/thumb/v7e-m+fp/hard/crt0.o (exit)
c:/st/stm32cubeide_1.9.0/stm32cubeide/plugins/com.st.stm32cube.ide.mcu.externaltools.gnu-tools-for-stm32.10.3-2021.10.win32_1.0.0.202111181127/tools/bin/../lib/gcc/arm-none-eabi/10.3.1/../../../../arm-none-eabi/lib/thumb/v7e-m+fp/hard\libc_nano.a(lib_a-impure.o)
                              c:/st/stm32cubeide_1.9.0/stm32cubeide/plugins/com.st.stm32cube.ide.mcu.externaltools.gnu-tools-for-stm32.10.3-2021.10.win32_1.0.0.202111181127/tools/bin/../lib/gcc/arm-none-eabi/10.3.1/../../../../arm-none-eabi/lib/thumb/v7e-m+fp/hard\libc_nano.a(lib_a-exit.o) (_global_impure_ptr)
c:/st/stm32cubeide_1.9.0/stm32cubeide/plugins/com.st.stm32cube.ide.mcu.externaltools.gnu-tools-for-stm32.10.3-2021.10.win32_1.0.0.202111181127/tools/bin/../lib/gcc/arm-none-eabi/10.3.1/../../../../arm-none-eabi/lib/thumb/v7e-m+fp/hard\libc_nano.a(lib_a-init.o)
                              c:/st/stm32cubeide_1.9.0/stm32cubeide/plugins/com.st.stm32cube.ide.mcu.externaltools.gnu-tools-for-stm32.10.3-2021.10.win32_1.0.0.202111181127/tools/bin/../lib/gcc/arm-none-eabi/10.3.1/../../../../arm-none-eabi/lib/thumb/v7e-m+fp/hard/crt0.o (__libc_init_array)
c:/st/stm32cubeide_1.9.0/stm32cubeide/plugins/com.st.stm32cube.ide.mcu.externaltools.gnu-tools-for-stm32.10.3-2021.10.win32_1.0.0.202111181127/tools/bin/../lib/gcc/arm-none-eabi/10.3.1/../../../../arm-none-eabi/lib/thumb/v7e-m+fp/hard\libc_nano.a(lib_a-memset.o)
                              c:/st/stm32cubeide_1.9.0/stm32cubeide/plugins/com.st.stm32cube.ide.mcu.externaltools.gnu-tools-for-stm32.10.3-2021.10.win32_1.0.0.202111181127/tools/bin/../lib/gcc/arm-none-eabi/10.3.1/../../../../arm-none-eabi/lib/thumb/v7e-m+fp/hard/crt0.o (memset)
c:/st/stm32cubeide_1.9.0/stm32cubeide/plugins/com.st.stm32cube.ide.mcu.externaltools.gnu-tools-for-stm32.10.3-2021.10.win32_1.0.0.202111181127/tools/bin/../lib/gcc/arm-none-eabi/10.3.1/../../../../arm-none-eabi/lib/thumb/v7e-m+fp/hard\libc_nano.a(lib_a-printf.o)
                              ./System/joystick.o (printf)
c:/st/stm32cubeide_1.9.0/stm32cubeide/plugins/com.st.stm32cube.ide.mcu.externaltools.gnu-tools-for-stm32.10.3-2021.10.win32_1.0.0.202111181127/tools/bin/../lib/gcc/arm-none-eabi/10.3.1/../../../../arm-none-eabi/lib/thumb/v7e-m+fp/hard\libc_nano.a(lib_a-puts.o)
                              ./System/SCI.o (puts)
c:/st/stm32cubeide_1.9.0/stm32cubeide/plugins/com.st.stm32cube.ide.mcu.externaltools.gnu-tools-for-stm32.10.3-2021.10.win32_1.0.0.202111181127/tools/bin/../lib/gcc/arm-none-eabi/10.3.1/../../../../arm-none-eabi/lib/thumb/v7e-m+fp/hard\libc_nano.a(lib_a-s_ldexp.o)
                              ./Core/Src/main.o (ldexp)
c:/st/stm32cubeide_1.9.0/stm32cubeide/plugins/com.st.stm32cube.ide.mcu.externaltools.gnu-tools-for-stm32.10.3-2021.10.win32_1.0.0.202111181127/tools/bin/../lib/gcc/arm-none-eabi/10.3.1/../../../../arm-none-eabi/lib/thumb/v7e-m+fp/hard\libc_nano.a(lib_a-s_scalbn.o)
                              c:/st/stm32cubeide_1.9.0/stm32cubeide/plugins/com.st.stm32cube.ide.mcu.externaltools.gnu-tools-for-stm32.10.3-2021.10.win32_1.0.0.202111181127/tools/bin/../lib/gcc/arm-none-eabi/10.3.1/../../../../arm-none-eabi/lib/thumb/v7e-m+fp/hard\libc_nano.a(lib_a-s_ldexp.o) (scalbn)
c:/st/stm32cubeide_1.9.0/stm32cubeide/plugins/com.st.stm32cube.ide.mcu.externaltools.gnu-tools-for-stm32.10.3-2021.10.win32_1.0.0.202111181127/tools/bin/../lib/gcc/arm-none-eabi/10.3.1/../../../../arm-none-eabi/lib/thumb/v7e-m+fp/hard\libc_nano.a(lib_a-setvbuf.o)
                              ./System/SCI.o (setvbuf)
c:/st/stm32cubeide_1.9.0/stm32cubeide/plugins/com.st.stm32cube.ide.mcu.externaltools.gnu-tools-for-stm32.10.3-2021.10.win32_1.0.0.202111181127/tools/bin/../lib/gcc/arm-none-eabi/10.3.1/../../../../arm-none-eabi/lib/thumb/v7e-m+fp/hard\libc_nano.a(lib_a-sf_scalbn.o)
                              ./Core/Src/main.o (scalbnf)
[...]
Memory Configuration

Name             Origin             Length             Attributes
RAM              0x0000000020000000 0x0000000000020000 xrw
FLASH            0x0000000008000000 0x0000000000080000 xr
*default*        0x0000000000000000 0xffffffffffffffff

Linker script and memory map

LOAD c:/st/stm32cubeide_1.9.0/stm32cubeide/plugins/com.st.stm32cube.ide.mcu.externaltools.gnu-tools-for-stm32.10.3-2021.10.win32_1.0.0.202111181127/tools/bin/../lib/gcc/arm-none-eabi/10.3.1/thumb/v7e-m+fp/hard/crti.o
LOAD c:/st/stm32cubeide_1.9.0/stm32cubeide/plugins/com.st.stm32cube.ide.mcu.externaltools.gnu-tools-for-stm32.10.3-2021.10.win32_1.0.0.202111181127/tools/bin/../lib/gcc/arm-none-eabi/10.3.1/thumb/v7e-m+fp/hard/crtbegin.o
LOAD c:/st/stm32cubeide_1.9.0/stm32cubeide/plugins/com.st.stm32cube.ide.mcu.externaltools.gnu-tools-for-stm32.10.3-2021.10.win32_1.0.0.202111181127/tools/bin/../lib/gcc/arm-none-eabi/10.3.1/../../../../arm-none-eabi/lib/thumb/v7e-m+fp/hard/crt0.o
LOAD ./Core/Src/main.o
LOAD ./Core/Src/stm32g4xx_hal_msp.o
LOAD ./Core/Src/stm32g4xx_it.o
LOAD ./Core/Src/syscalls.o
LOAD ./Core/Src/sysmem.o
LOAD ./Core/Src/system_stm32g4xx.o
LOAD ./Core/Startup/startup_stm32g474qetx.o
LOAD ./Drivers/STM32G4xx_HAL_Driver/Src/stm32g4xx_hal.o
LOAD ./Drivers/STM32G4xx_HAL_Driver/Src/stm32g4xx_hal_adc.o
LOAD ./Drivers/STM32G4xx_HAL_Driver/Src/stm32g4xx_hal_adc_ex.o
LOAD ./Drivers/STM32G4xx_HAL_Driver/Src/stm32g4xx_hal_cordic.o
LOAD ./Drivers/STM32G4xx_HAL_Driver/Src/stm32g4xx_hal_cortex.o
LOAD ./Drivers/STM32G4xx_HAL_Driver/Src/stm32g4xx_hal_dma.o
LOAD ./Drivers/STM32G4xx_HAL_Driver/Src/stm32g4xx_hal_dma_ex.o
LOAD ./Drivers/STM32G4xx_HAL_Driver/Src/stm32g4xx_hal_exti.o
LOAD ./Drivers/STM32G4xx_HAL_Driver/Src/stm32g4xx_hal_flash.o
LOAD ./Drivers/STM32G4xx_HAL_Driver/Src/stm32g4xx_hal_flash_ex.o
LOAD ./Drivers/STM32G4xx_HAL_Driver/Src/stm32g4xx_hal_flash_ramfunc.o
LOAD ./Drivers/STM32G4xx_HAL_Driver/Src/stm32g4xx_hal_gpio.o
LOAD ./Drivers/STM32G4xx_HAL_Driver/Src/stm32g4xx_hal_pwr.o
LOAD ./Drivers/STM32G4xx_HAL_Driver/Src/stm32g4xx_hal_pwr_ex.o
LOAD ./Drivers/STM32G4xx_HAL_Driver/Src/stm32g4xx_hal_rcc.o
LOAD ./Drivers/STM32G4xx_HAL_Driver/Src/stm32g4xx_hal_rcc_ex.o
LOAD ./Drivers/STM32G4xx_HAL_Driver/Src/stm32g4xx_hal_spi.o
LOAD ./Drivers/STM32G4xx_HAL_Driver/Src/stm32g4xx_hal_spi_ex.o
LOAD ./Drivers/STM32G4xx_HAL_Driver/Src/stm32g4xx_hal_sram.o
LOAD ./Drivers/STM32G4xx_HAL_Driver/Src/stm32g4xx_hal_tim.o
LOAD ./Drivers/STM32G4xx_HAL_Driver/Src/stm32g4xx_hal_tim_ex.o
LOAD ./Drivers/STM32G4xx_HAL_Driver/Src/stm32g4xx_ll_adc.o
LOAD ./Drivers/STM32G4xx_HAL_Driver/Src/stm32g4xx_ll_dma.o
LOAD ./Drivers/STM32G4xx_HAL_Driver/Src/stm32g4xx_ll_exti.o
LOAD ./Drivers/STM32G4xx_HAL_Driver/Src/stm32g4xx_ll_fmc.o
LOAD ./Drivers/STM32G4xx_HAL_Driver/Src/stm32g4xx_ll_gpio.o
LOAD ./Drivers/STM32G4xx_HAL_Driver/Src/stm32g4xx_ll_rcc.o
LOAD ./Drivers/STM32G4xx_HAL_Driver/Src/stm32g4xx_ll_tim.o
LOAD ./Drivers/STM32G4xx_HAL_Driver/Src/stm32g4xx_ll_usart.o
LOAD ./Drivers/STM32G4xx_HAL_Driver/Src/stm32g4xx_ll_utils.o
LOAD ./System/LED.o
LOAD ./System/SCI.o
LOAD ./System/XPT2046_touch.o
LOAD ./System/buf.o
LOAD ./System/joystick.o
LOAD ./System/kbd.o
LOAD ./System/lcd.o
LOAD ./System/lcd_backlight.o
LOAD ./System/lcd_ili9341.o
LOAD ./System/periodic_services.o
LOAD ./System/podatki.o
LOAD ./System/pomozne_funkcije.o
LOAD ./System/ray_funkcije.o
LOAD ./System/timing_utils.o
LOAD ./System/ugui.o
START GROUP
LOAD c:/st/stm32cubeide_1.9.0/stm32cubeide/plugins/com.st.stm32cube.ide.mcu.externaltools.gnu-tools-for-stm32.10.3-2021.10.win32_1.0.0.202111181127/tools/bin/../lib/gcc/arm-none-eabi/10.3.1/../../../../arm-none-eabi/lib/thumb/v7e-m+fp/hard\libc_nano.a
LOAD c:/st/stm32cubeide_1.9.0/stm32cubeide/plugins/com.st.stm32cube.ide.mcu.externaltools.gnu-tools-for-stm32.10.3-2021.10.win32_1.0.0.202111181127/tools/bin/../lib/gcc/arm-none-eabi/10.3.1/../../../../arm-none-eabi/lib/thumb/v7e-m+fp/hard\libm.a
END GROUP
START GROUP
LOAD c:/st/stm32cubeide_1.9.0/stm32cubeide/plugins/com.st.stm32cube.ide.mcu.externaltools.gnu-tools-for-stm32.10.3-2021.10.win32_1.0.0.202111181127/tools/bin/../lib/gcc/arm-none-eabi/10.3.1/thumb/v7e-m+fp/hard\libgcc.a
LOAD c:/st/stm32cubeide_1.9.0/stm32cubeide/plugins/com.st.stm32cube.ide.mcu.externaltools.gnu-tools-for-stm32.10.3-2021.10.win32_1.0.0.202111181127/tools/bin/../lib/gcc/arm-none-eabi/10.3.1/../../../../arm-none-eabi/lib/thumb/v7e-m+fp/hard\libc_nano.a
END GROUP
START GROUP
LOAD c:/st/stm32cubeide_1.9.0/stm32cubeide/plugins/com.st.stm32cube.ide.mcu.externaltools.gnu-tools-for-stm32.10.3-2021.10.win32_1.0.0.202111181127/tools/bin/../lib/gcc/arm-none-eabi/10.3.1/thumb/v7e-m+fp/hard\libgcc.a
LOAD c:/st/stm32cubeide_1.9.0/stm32cubeide/plugins/com.st.stm32cube.ide.mcu.externaltools.gnu-tools-for-stm32.10.3-2021.10.win32_1.0.0.202111181127/tools/bin/../lib/gcc/arm-none-eabi/10.3.1/../../../../arm-none-eabi/lib/thumb/v7e-m+fp/hard\libc_nano.a
LOAD c:/st/stm32cubeide_1.9.0/stm32cubeide/plugins/com.st.stm32cube.ide.mcu.externaltools.gnu-tools-for-stm32.10.3-2021.10.win32_1.0.0.202111181127/tools/bin/../lib/gcc/arm-none-eabi/10.3.1/../../../../arm-none-eabi/lib/thumb/v7e-m+fp/hard\libnosys.a
END GROUP
START GROUP
LOAD c:/st/stm32cubeide_1.9.0/stm32cubeide/plugins/com.st.stm32cube.ide.mcu.externaltools.gnu-tools-for-stm32.10.3-2021.10.win32_1.0.0.202111181127/tools/bin/../lib/gcc/arm-none-eabi/10.3.1/thumb/v7e-m+fp/hard\libgcc.a
LOAD c:/st/stm32cubeide_1.9.0/stm32cubeide/plugins/com.st.stm32cube.ide.mcu.externaltools.gnu-tools-for-stm32.10.3-2021.10.win32_1.0.0.202111181127/tools/bin/../lib/gcc/arm-none-eabi/10.3.1/../../../../arm-none-eabi/lib/thumb/v7e-m+fp/hard\libc_nano.a
LOAD c:/st/stm32cubeide_1.9.0/stm32cubeide/plugins/com.st.stm32cube.ide.mcu.externaltools.gnu-tools-for-stm32.10.3-2021.10.win32_1.0.0.202111181127/tools/bin/../lib/gcc/arm-none-eabi/10.3.1/../../../../arm-none-eabi/lib/thumb/v7e-m+fp/hard\libnosys.a
END GROUP
LOAD c:/st/stm32cubeide_1.9.0/stm32cubeide/plugins/com.st.stm32cube.ide.mcu.externaltools.gnu-tools-for-stm32.10.3-2021.10.win32_1.0.0.202111181127/tools/bin/../lib/gcc/arm-none-eabi/10.3.1/thumb/v7e-m+fp/hard/crtend.o
LOAD c:/st/stm32cubeide_1.9.0/stm32cubeide/plugins/com.st.stm32cube.ide.mcu.externaltools.gnu-tools-for-stm32.10.3-2021.10.win32_1.0.0.202111181127/tools/bin/../lib/gcc/arm-none-eabi/10.3.1/thumb/v7e-m+fp/hard/crtn.o
                0x0000000020020000                _estack = (ORIGIN (RAM) + LENGTH (RAM))
                0x0000000000000200                _Min_Heap_Size = 0x200
                0x0000000000000400                _Min_Stack_Size = 0x400

.isr_vector     0x0000000008000000      0x1d8
                0x0000000008000000                . = ALIGN (0x4)
 *(.isr_vector)
 .isr_vector    0x0000000008000000      0x1d8 ./Core/Startup/startup_stm32g474qetx.o
                0x0000000008000000                g_pfnVectors
                0x00000000080001d8                . = ALIGN (0x4)

.text           0x00000000080001d8     0x86f8
                0x00000000080001d8                . = ALIGN (0x4)
 *(.text)
 .text          0x00000000080001d8       0x40 c:/st/stm32cubeide_1.9.0/stm32cubeide/plugins/com.st.stm32cube.ide.mcu.externaltools.gnu-tools-for-stm32.10.3-2021.10.win32_1.0.0.202111181127/tools/bin/../lib/gcc/arm-none-eabi/10.3.1/thumb/v7e-m+fp/hard/crtbegin.o
 .text          0x0000000008000218      0x378 c:/st/stm32cubeide_1.9.0/stm32cubeide/plugins/com.st.stm32cube.ide.mcu.externaltools.gnu-tools-for-stm32.10.3-2021.10.win32_1.0.0.202111181127/tools/bin/../lib/gcc/arm-none-eabi/10.3.1/thumb/v7e-m+fp/hard\libgcc.a(_arm_addsubdf3.o)
                0x0000000008000218                __aeabi_drsub
                0x0000000008000220                __aeabi_dsub
                0x0000000008000220                __subdf3
                0x0000000008000224                __aeabi_dadd
                0x0000000008000224                __adddf3
                0x000000000800049c                __floatunsidf
                0x000000000800049c                __aeabi_ui2d
                0x00000000080004bc                __floatsidf
                0x00000000080004bc                __aeabi_i2d
                0x00000000080004e0                __aeabi_f2d
                0x00000000080004e0                __extendsfdf2
                0x0000000008000524                __floatundidf
                0x0000000008000524                __aeabi_ul2d
                0x0000000008000534                __floatdidf
                0x0000000008000534                __aeabi_l2d
 .text          0x0000000008000590      0x424 c:/st/stm32cubeide_1.9.0/stm32cubeide/plugins/com.st.stm32cube.ide.mcu.externaltools.gnu-tools-for-stm32.10.3-2021.10.win32_1.0.0.202111181127/tools/bin/../lib/gcc/arm-none-eabi/10.3.1/thumb/v7e-m+fp/hard\libgcc.a(_arm_muldivdf3.o)
                0x0000000008000590                __aeabi_dmul
                0x0000000008000590                __muldf3
                0x00000000080007e4                __divdf3
                0x00000000080007e4                __aeabi_ddiv
 .text          0x00000000080009b4      0x110 c:/st/stm32cubeide_1.9.0/stm32cubeide/plugins/com.st.stm32cube.ide.mcu.externaltools.gnu-tools-for-stm32.10.3-2021.10.win32_1.0.0.202111181127/tools/bin/../lib/gcc/arm-none-eabi/10.3.1/thumb/v7e-m+fp/hard\libgcc.a(_arm_cmpdf2.o)
                0x00000000080009b4                __gtdf2
                0x00000000080009b4                __gedf2
                0x00000000080009bc                __ltdf2
                0x00000000080009bc                __ledf2
                0x00000000080009c4                __nedf2
                0x00000000080009c4                __eqdf2
                0x00000000080009c4                __cmpdf2
                0x0000000008000a40                __aeabi_cdrcmple
                0x0000000008000a50                __aeabi_cdcmpeq
                0x0000000008000a50                __aeabi_cdcmple
                0x0000000008000a60                __aeabi_dcmpeq
                0x0000000008000a74                __aeabi_dcmplt
                0x0000000008000a88                __aeabi_dcmple
                0x0000000008000a9c                __aeabi_dcmpge
                0x0000000008000ab0                __aeabi_dcmpgt
 .text          0x0000000008000ac4       0x2c c:/st/stm32cubeide_1.9.0/stm32cubeide/plugins/com.st.stm32cube.ide.mcu.externaltools.gnu-tools-for-stm32.10.3-2021.10.win32_1.0.0.202111181127/tools/bin/../lib/gcc/arm-none-eabi/10.3.1/thumb/v7e-m+fp/hard\libgcc.a(_arm_unorddf2.o)
                0x0000000008000ac4                __unorddf2
                0x0000000008000ac4                __aeabi_dcmpun
 .text          0x0000000008000af0       0x50 c:/st/stm32cubeide_1.9.0/stm32cubeide/plugins/com.st.stm32cube.ide.mcu.externaltools.gnu-tools-for-stm32.10.3-2021.10.win32_1.0.0.202111181127/tools/bin/../lib/gcc/arm-none-eabi/10.3.1/thumb/v7e-m+fp/hard\libgcc.a(_arm_fixdfsi.o)
                0x0000000008000af0                __aeabi_d2iz
                0x0000000008000af0                __fixdfsi
 .text          0x0000000008000b40       0xa0 c:/st/stm32cubeide_1.9.0/stm32cubeide/plugins/com.st.stm32cube.ide.mcu.externaltools.gnu-tools-for-stm32.10.3-2021.10.win32_1.0.0.202111181127/tools/bin/../lib/gcc/arm-none-eabi/10.3.1/thumb/v7e-m+fp/hard\libgcc.a(_arm_truncdfsf2.o)
                0x0000000008000b40                __truncdfsf2
                0x0000000008000b40                __aeabi_d2f
 *(.text*)
 .text.SystemClock_Config
                0x0000000008000be0       0x88 ./Core/Src/main.o
                0x0000000008000be0                SystemClock_Config
 .text.startup.main
                0x0000000008000c68     0x1ce0 ./Core/Src/main.o
                0x0000000008000c68                main
 .text.Error_Handler
                0x0000000008002948        0x4 ./Core/Src/main.o
                0x0000000008002948                Error_Handler
 .text.HAL_MspInit
                0x000000000800294c       0x34 ./Core/Src/stm32g4xx_hal_msp.o
                0x000000000800294c                HAL_MspInit
 .text.HAL_ADC_MspInit
                0x0000000008002980       0xcc ./Core/Src/stm32g4xx_hal_msp.o
                0x0000000008002980                HAL_ADC_MspInit
 .text.HAL_CORDIC_MspInit
                0x0000000008002a4c       0x30 ./Core/Src/stm32g4xx_hal_msp.o
                0x0000000008002a4c                HAL_CORDIC_MspInit
 *fill*         0x0000000008002a7c        0x4 
 .text.HAL_SPI_MspInit
                0x0000000008002a80       0x78 ./Core/Src/stm32g4xx_hal_msp.o
                0x0000000008002a80                HAL_SPI_MspInit
 .text.HAL_TIM_Base_MspInit
                0x0000000008002af8       0x2c ./Core/Src/stm32g4xx_hal_msp.o
                0x0000000008002af8                HAL_TIM_Base_MspInit
 .text.HAL_SRAM_MspInit
                0x0000000008002b24       0x8c ./Core/Src/stm32g4xx_hal_msp.o
                0x0000000008002b24                HAL_SRAM_MspInit
 .text.NMI_Handler
                0x0000000008002bb0        0x4 ./Core/Src/stm32g4xx_it.o
                0x0000000008002bb0                NMI_Handler
 .text.HardFault_Handler
                0x0000000008002bb4        0x4 ./Core/Src/stm32g4xx_it.o
                0x0000000008002bb4                HardFault_Handler
 .text.MemManage_Handler
                0x0000000008002bb8        0x4 ./Core/Src/stm32g4xx_it.o
                0x0000000008002bb8                MemManage_Handler
 .text.BusFault_Handler
                0x0000000008002bbc        0x4 ./Core/Src/stm32g4xx_it.o
                0x0000000008002bbc                BusFault_Handler
 .text.UsageFault_Handler
                0x0000000008002bc0        0x4 ./Core/Src/stm32g4xx_it.o
                0x0000000008002bc0                UsageFault_Handler
 .text.SVC_Handler
                0x0000000008002bc4        0x4 ./Core/Src/stm32g4xx_it.o
                0x0000000008002bc4                SVC_Handler
 .text.DebugMon_Handler
                0x0000000008002bc8        0x4 ./Core/Src/stm32g4xx_it.o
                0x0000000008002bc8                DebugMon_Handler
 .text.PendSV_Handler
                0x0000000008002bcc        0x4 ./Core/Src/stm32g4xx_it.o
                0x0000000008002bcc                PendSV_Handler
 .text.SysTick_Handler
                0x0000000008002bd0        0x4 ./Core/Src/stm32g4xx_it.o
                0x0000000008002bd0                SysTick_Handler
 .text.DMA1_Channel1_IRQHandler
                0x0000000008002bd4        0xc ./Core/Src/stm32g4xx_it.o
                0x0000000008002bd4                DMA1_Channel1_IRQHandler
 .text.DMA1_Channel2_IRQHandler
                0x0000000008002be0        0xc ./Core/Src/stm32g4xx_it.o
                0x0000000008002be0                DMA1_Channel2_IRQHandler
 .text.USART3_IRQHandler
                0x0000000008002bec       0x34 ./Core/Src/stm32g4xx_it.o
                0x0000000008002bec                USART3_IRQHandler
 .text.TIM6_DAC_IRQHandler
                0x0000000008002c20       0x20 ./Core/Src/stm32g4xx_it.o
                0x0000000008002c20                TIM6_DAC_IRQHandler
 .text._read    0x0000000008002c40       0x1c ./Core/Src/syscalls.o
                0x0000000008002c40                _read
 .text._close   0x0000000008002c5c        0x8 ./Core/Src/syscalls.o
                0x0000000008002c5c                _close
 .text._fstat   0x0000000008002c64        0xc ./Core/Src/syscalls.o
                0x0000000008002c64                _fstat
 .text._lseek   0x0000000008002c70        0x4 ./Core/Src/syscalls.o
                0x0000000008002c70                _lseek
 .text._sbrk    0x0000000008002c74       0x44 ./Core/Src/sysmem.o
                0x0000000008002c74                _sbrk
 .text.SystemInit
                0x0000000008002cb8       0x14 ./Core/Src/system_stm32g4xx.o
                0x0000000008002cb8                SystemInit
 .text.Reset_Handler
                0x0000000008002ccc       0x50 ./Core/Startup/startup_stm32g474qetx.o
                0x0000000008002ccc                Reset_Handler
 .text.Default_Handler
                0x0000000008002d1c        0x2 ./Core/Startup/startup_stm32g474qetx.o
                0x0000000008002d1c                RTC_Alarm_IRQHandler
                0x0000000008002d1c                EXTI2_IRQHandler
                0x0000000008002d1c                TIM8_TRG_COM_IRQHandler
                0x0000000008002d1c                TIM8_CC_IRQHandler
                0x0000000008002d1c                HRTIM1_Master_IRQHandler
                0x0000000008002d1c                SPI4_IRQHandler
                0x0000000008002d1c                FDCAN3_IT0_IRQHandler
                0x0000000008002d1c                TIM1_CC_IRQHandler
                0x0000000008002d1c                HRTIM1_FLT_IRQHandler
                0x0000000008002d1c                HRTIM1_TIMF_IRQHandler
                0x0000000008002d1c                USB_HP_IRQHandler
                0x0000000008002d1c                CORDIC_IRQHandler
                0x0000000008002d1c                HRTIM1_TIMD_IRQHandler
                0x0000000008002d1c                DMA2_Channel8_IRQHandler
                0x0000000008002d1c                EXTI3_IRQHandler
                0x0000000008002d1c                I2C3_ER_IRQHandler
                0x0000000008002d1c                EXTI0_IRQHandler
                0x0000000008002d1c                I2C2_EV_IRQHandler
                0x0000000008002d1c                FPU_IRQHandler
                0x0000000008002d1c                FDCAN1_IT1_IRQHandler
                0x0000000008002d1c                TIM1_UP_TIM16_IRQHandler
                0x0000000008002d1c                ADC1_2_IRQHandler
                0x0000000008002d1c                HRTIM1_TIME_IRQHandler
                0x0000000008002d1c                SPI1_IRQHandler
                0x0000000008002d1c                HRTIM1_TIMC_IRQHandler
                0x0000000008002d1c                TIM8_UP_IRQHandler
                0x0000000008002d1c                DMA2_Channel2_IRQHandler
                0x0000000008002d1c                DMA1_Channel4_IRQHandler
                0x0000000008002d1c                TIM20_TRG_COM_IRQHandler
                0x0000000008002d1c                DMA1_Channel7_IRQHandler
                0x0000000008002d1c                UART5_IRQHandler
                0x0000000008002d1c                ADC3_IRQHandler
                0x0000000008002d1c                TIM4_IRQHandler
                0x0000000008002d1c                DMA2_Channel1_IRQHandler
                0x0000000008002d1c                QUADSPI_IRQHandler
                0x0000000008002d1c                I2C1_EV_IRQHandler
                0x0000000008002d1c                DMA1_Channel6_IRQHandler
                0x0000000008002d1c                UART4_IRQHandler
                0x0000000008002d1c                DMA2_Channel4_IRQHandler
                0x0000000008002d1c                TIM3_IRQHandler
                0x0000000008002d1c                RCC_IRQHandler
                0x0000000008002d1c                TIM20_UP_IRQHandler
                0x0000000008002d1c                Default_Handler
                0x0000000008002d1c                DMA2_Channel7_IRQHandler
                0x0000000008002d1c                RTC_TAMP_LSECSS_IRQHandler
                0x0000000008002d1c                FMAC_IRQHandler
                0x0000000008002d1c                EXTI15_10_IRQHandler
                0x0000000008002d1c                DMA1_Channel8_IRQHandler
                0x0000000008002d1c                HRTIM1_TIMA_IRQHandler
                0x0000000008002d1c                TIM7_DAC_IRQHandler
                0x0000000008002d1c                FDCAN3_IT1_IRQHandler
                0x0000000008002d1c                TIM5_IRQHandler
                0x0000000008002d1c                UCPD1_IRQHandler
                0x0000000008002d1c                I2C3_EV_IRQHandler
                0x0000000008002d1c                EXTI9_5_IRQHandler
                0x0000000008002d1c                RTC_WKUP_IRQHandler
                0x0000000008002d1c                PVD_PVM_IRQHandler
                0x0000000008002d1c                SPI2_IRQHandler
                0x0000000008002d1c                ADC5_IRQHandler
                0x0000000008002d1c                DMA2_Channel5_IRQHandler
                0x0000000008002d1c                CRS_IRQHandler
                0x0000000008002d1c                DMA1_Channel5_IRQHandler
                0x0000000008002d1c                USB_LP_IRQHandler
                0x0000000008002d1c                EXTI4_IRQHandler
                0x0000000008002d1c                RNG_IRQHandler
                0x0000000008002d1c                HRTIM1_TIMB_IRQHandler
                0x0000000008002d1c                TIM1_TRG_COM_TIM17_IRQHandler
                0x0000000008002d1c                FDCAN2_IT1_IRQHandler
                0x0000000008002d1c                DMA1_Channel3_IRQHandler
                0x0000000008002d1c                ADC4_IRQHandler
                0x0000000008002d1c                WWDG_IRQHandler
                0x0000000008002d1c                I2C4_EV_IRQHandler
                0x0000000008002d1c                FDCAN2_IT0_IRQHandler
                0x0000000008002d1c                LPUART1_IRQHandler
                0x0000000008002d1c                DMA2_Channel6_IRQHandler
                0x0000000008002d1c                FDCAN1_IT0_IRQHandler
                0x0000000008002d1c                TIM2_IRQHandler
                0x0000000008002d1c                COMP7_IRQHandler
                0x0000000008002d1c                COMP1_2_3_IRQHandler
                0x0000000008002d1c                EXTI1_IRQHandler
                0x0000000008002d1c                USART2_IRQHandler
                0x0000000008002d1c                COMP4_5_6_IRQHandler
                0x0000000008002d1c                TIM20_BRK_IRQHandler
                0x0000000008002d1c                I2C2_ER_IRQHandler
                0x0000000008002d1c                TIM8_BRK_IRQHandler
                0x0000000008002d1c                FLASH_IRQHandler
                0x0000000008002d1c                TIM20_CC_IRQHandler
                0x0000000008002d1c                USART1_IRQHandler
                0x0000000008002d1c                SPI3_IRQHandler
                0x0000000008002d1c                I2C1_ER_IRQHandler
                0x0000000008002d1c                FMC_IRQHandler
                0x0000000008002d1c                LPTIM1_IRQHandler
                0x0000000008002d1c                DMAMUX_OVR_IRQHandler
                0x0000000008002d1c                I2C4_ER_IRQHandler
                0x0000000008002d1c                USBWakeUp_IRQHandler
                0x0000000008002d1c                SAI1_IRQHandler
                0x0000000008002d1c                DMA2_Channel3_IRQHandler
                0x0000000008002d1c                TIM1_BRK_TIM15_IRQHandler
 *fill*         0x0000000008002d1e        0x2 
 .text.HAL_InitTick
                0x0000000008002d20       0x4c ./Drivers/STM32G4xx_HAL_Driver/Src/stm32g4xx_hal.o
                0x0000000008002d20                HAL_InitTick
 .text.HAL_Init
                0x0000000008002d6c       0x20 ./Drivers/STM32G4xx_HAL_Driver/Src/stm32g4xx_hal.o
                0x0000000008002d6c                HAL_Init
 .text.HAL_IncTick
                0x0000000008002d8c       0x18 ./Drivers/STM32G4xx_HAL_Driver/Src/stm32g4xx_hal.o
                0x0000000008002d8c                HAL_IncTick
 .text.HAL_GetTick
                0x0000000008002da4        0xc ./Drivers/STM32G4xx_HAL_Driver/Src/stm32g4xx_hal.o
                0x0000000008002da4                HAL_GetTick
 .text.HAL_Delay
                0x0000000008002db0       0x24 ./Drivers/STM32G4xx_HAL_Driver/Src/stm32g4xx_hal.o
                0x0000000008002db0                HAL_Delay
 .text.HAL_ADC_Init
                0x0000000008002dd4      0x24c ./Drivers/STM32G4xx_HAL_Driver/Src/stm32g4xx_hal_adc.o
                0x0000000008002dd4                HAL_ADC_Init
 .text.HAL_ADC_ConvCpltCallback
                0x0000000008003020        0x4 ./Drivers/STM32G4xx_HAL_Driver/Src/stm32g4xx_hal_adc.o
                0x0000000008003020                HAL_ADC_ConvCpltCallback
 .text.HAL_ADC_ConvHalfCpltCallback
                0x0000000008003024        0x4 ./Drivers/STM32G4xx_HAL_Driver/Src/stm32g4xx_hal_adc.o
                0x0000000008003024                HAL_ADC_ConvHalfCpltCallback
 .text.ADC_DMAHalfConvCplt
                0x0000000008003028        0xc ./Drivers/STM32G4xx_HAL_Driver/Src/stm32g4xx_hal_adc.o
                0x0000000008003028                ADC_DMAHalfConvCplt
 .text.HAL_ADC_ErrorCallback
                0x0000000008003034        0x4 ./Drivers/STM32G4xx_HAL_Driver/Src/stm32g4xx_hal_adc.o
                0x0000000008003034                HAL_ADC_ErrorCallback
 .text.ADC_DMAConvCplt
                0x0000000008003038       0x6c ./Drivers/STM32G4xx_HAL_Driver/Src/stm32g4xx_hal_adc.o
                0x0000000008003038                ADC_DMAConvCplt
 .text.ADC_DMAError
                0x00000000080030a4       0x1c ./Drivers/STM32G4xx_HAL_Driver/Src/stm32g4xx_hal_adc.o
                0x00000000080030a4                ADC_DMAError
 .text.HAL_ADC_ConfigChannel
                0x00000000080030c0      0x530 ./Drivers/STM32G4xx_HAL_Driver/Src/stm32g4xx_hal_adc.o
                0x00000000080030c0                HAL_ADC_ConfigChannel
 .text.ADC_Enable
                0x00000000080035f0       0x78 ./Drivers/STM32G4xx_HAL_Driver/Src/stm32g4xx_hal_adc.o
                0x00000000080035f0                ADC_Enable
 .text.HAL_ADC_Start_DMA
                0x0000000008003668      0x110 ./Drivers/STM32G4xx_HAL_Driver/Src/stm32g4xx_hal_adc.o
                0x0000000008003668                HAL_ADC_Start_DMA
 .text.ADC_Disable
                0x0000000008003778       0x74 ./Drivers/STM32G4xx_HAL_Driver/Src/stm32g4xx_hal_adc.o
                0x0000000008003778                ADC_Disable
 .text.HAL_ADCEx_Calibration_Start
                0x00000000080037ec       0x9c ./Drivers/STM32G4xx_HAL_Driver/Src/stm32g4xx_hal_adc_ex.o
                0x00000000080037ec                HAL_ADCEx_Calibration_Start
 .text.HAL_CORDIC_Init
                0x0000000008003888       0x34 ./Drivers/STM32G4xx_HAL_Driver/Src/stm32g4xx_hal_cordic.o
                0x0000000008003888                HAL_CORDIC_Init
 .text.HAL_CORDIC_Configure
                0x00000000080038bc       0x4c ./Drivers/STM32G4xx_HAL_Driver/Src/stm32g4xx_hal_cordic.o
                0x00000000080038bc                HAL_CORDIC_Configure
 .text.HAL_CORDIC_CalculateZO
                0x0000000008003908      0x110 ./Drivers/STM32G4xx_HAL_Driver/Src/stm32g4xx_hal_cordic.o
                0x0000000008003908                HAL_CORDIC_CalculateZO
 .text.HAL_NVIC_SetPriorityGrouping
                0x0000000008003a18       0x24 ./Drivers/STM32G4xx_HAL_Driver/Src/stm32g4xx_hal_cortex.o
                0x0000000008003a18                HAL_NVIC_SetPriorityGrouping
 .text.HAL_NVIC_SetPriority
                0x0000000008003a3c       0x7c ./Drivers/STM32G4xx_HAL_Driver/Src/stm32g4xx_hal_cortex.o
                0x0000000008003a3c                HAL_NVIC_SetPriority
 .text.HAL_NVIC_EnableIRQ
                0x0000000008003ab8       0x1c ./Drivers/STM32G4xx_HAL_Driver/Src/stm32g4xx_hal_cortex.o
                0x0000000008003ab8                HAL_NVIC_EnableIRQ
 .text.HAL_SYSTICK_Config
                0x0000000008003ad4       0x34 ./Drivers/STM32G4xx_HAL_Driver/Src/stm32g4xx_hal_cortex.o
                0x0000000008003ad4                HAL_SYSTICK_Config
 .text.HAL_DMA_Init
                0x0000000008003b08      0x12c ./Drivers/STM32G4xx_HAL_Driver/Src/stm32g4xx_hal_dma.o
                0x0000000008003b08                HAL_DMA_Init
 .text.HAL_DMA_Start_IT
                0x0000000008003c34       0xb4 ./Drivers/STM32G4xx_HAL_Driver/Src/stm32g4xx_hal_dma.o
                0x0000000008003c34                HAL_DMA_Start_IT
 .text.HAL_DMA_IRQHandler
                0x0000000008003ce8       0x9c ./Drivers/STM32G4xx_HAL_Driver/Src/stm32g4xx_hal_dma.o
                0x0000000008003ce8                HAL_DMA_IRQHandler
 .text.HAL_GPIO_Init
                0x0000000008003d84      0x1f0 ./Drivers/STM32G4xx_HAL_Driver/Src/stm32g4xx_hal_gpio.o
                0x0000000008003d84                HAL_GPIO_Init
 .text.HAL_PWREx_ControlVoltageScaling
                0x0000000008003f74       0xfc ./Drivers/STM32G4xx_HAL_Driver/Src/stm32g4xx_hal_pwr_ex.o
                0x0000000008003f74                HAL_PWREx_ControlVoltageScaling
 .text.HAL_PWREx_DisableUCPDDeadBattery
                0x0000000008004070       0x10 ./Drivers/STM32G4xx_HAL_Driver/Src/stm32g4xx_hal_pwr_ex.o
                0x0000000008004070                HAL_PWREx_DisableUCPDDeadBattery
 .text.HAL_RCC_OscConfig
                0x0000000008004080      0x498 ./Drivers/STM32G4xx_HAL_Driver/Src/stm32g4xx_hal_rcc.o
                0x0000000008004080                HAL_RCC_OscConfig
 .text.HAL_RCC_GetSysClockFreq
                0x0000000008004518       0x70 ./Drivers/STM32G4xx_HAL_Driver/Src/stm32g4xx_hal_rcc.o
                0x0000000008004518                HAL_RCC_GetSysClockFreq
 .text.HAL_RCC_ClockConfig
                0x0000000008004588      0x224 ./Drivers/STM32G4xx_HAL_Driver/Src/stm32g4xx_hal_rcc.o
                0x0000000008004588                HAL_RCC_ClockConfig
 .text.HAL_RCCEx_PeriphCLKConfig
                0x00000000080047ac      0x310 ./Drivers/STM32G4xx_HAL_Driver/Src/stm32g4xx_hal_rcc_ex.o
                0x00000000080047ac                HAL_RCCEx_PeriphCLKConfig
 .text.HAL_SPI_Init
                0x0000000008004abc       0xfc ./Drivers/STM32G4xx_HAL_Driver/Src/stm32g4xx_hal_spi.o
                0x0000000008004abc                HAL_SPI_Init
 .text.HAL_SRAM_Init
                0x0000000008004bb8       0x5c ./Drivers/STM32G4xx_HAL_Driver/Src/stm32g4xx_hal_sram.o
                0x0000000008004bb8                HAL_SRAM_Init
 .text.HAL_TIM_Base_Init
                0x0000000008004c14      0x134 ./Drivers/STM32G4xx_HAL_Driver/Src/stm32g4xx_hal_tim.o
                0x0000000008004c14                HAL_TIM_Base_Init
 .text.HAL_TIM_Base_Start
                0x0000000008004d48       0x78 ./Drivers/STM32G4xx_HAL_Driver/Src/stm32g4xx_hal_tim.o
                0x0000000008004d48                HAL_TIM_Base_Start
 .text.HAL_TIM_ConfigClockSource
                0x0000000008004dc0      0x1c8 ./Drivers/STM32G4xx_HAL_Driver/Src/stm32g4xx_hal_tim.o
                0x0000000008004dc0                HAL_TIM_ConfigClockSource
 .text.HAL_TIMEx_MasterConfigSynchronization
                0x0000000008004f88       0xb8 ./Drivers/STM32G4xx_HAL_Driver/Src/stm32g4xx_hal_tim_ex.o
                0x0000000008004f88                HAL_TIMEx_MasterConfigSynchronization
 .text.FMC_NORSRAM_Init
                0x0000000008005040      0x104 ./Drivers/STM32G4xx_HAL_Driver/Src/stm32g4xx_ll_fmc.o
                0x0000000008005040                FMC_NORSRAM_Init
 .text.FMC_NORSRAM_Timing_Init
                0x0000000008005144       0x60 ./Drivers/STM32G4xx_HAL_Driver/Src/stm32g4xx_ll_fmc.o
                0x0000000008005144                FMC_NORSRAM_Timing_Init
 .text.FMC_NORSRAM_Extended_Timing_Init
                0x00000000080051a4       0x48 ./Drivers/STM32G4xx_HAL_Driver/Src/stm32g4xx_ll_fmc.o
                0x00000000080051a4                FMC_NORSRAM_Extended_Timing_Init
 .text.LL_GPIO_Init
                0x00000000080051ec      0x1c0 ./Drivers/STM32G4xx_HAL_Driver/Src/stm32g4xx_ll_gpio.o
                0x00000000080051ec                LL_GPIO_Init
 .text.LL_RCC_GetUSARTClockFreq
                0x00000000080053ac      0x22c ./Drivers/STM32G4xx_HAL_Driver/Src/stm32g4xx_ll_rcc.o
                0x00000000080053ac                LL_RCC_GetUSARTClockFreq
 .text.LL_RCC_GetUARTClockFreq
                0x00000000080055d8      0x194 ./Drivers/STM32G4xx_HAL_Driver/Src/stm32g4xx_ll_rcc.o
                0x00000000080055d8                LL_RCC_GetUARTClockFreq
 .text.LL_TIM_Init
                0x000000000800576c       0xcc ./Drivers/STM32G4xx_HAL_Driver/Src/stm32g4xx_ll_tim.o
                0x000000000800576c                LL_TIM_Init
 .text.LL_TIM_OC_Init
                0x0000000008005838      0x388 ./Drivers/STM32G4xx_HAL_Driver/Src/stm32g4xx_ll_tim.o
                0x0000000008005838                LL_TIM_OC_Init
 .text.LL_USART_Init
                0x0000000008005bc0      0x10c ./Drivers/STM32G4xx_HAL_Driver/Src/stm32g4xx_ll_usart.o
                0x0000000008005bc0                LL_USART_Init
 .text.LED_init
                0x0000000008005ccc       0x54 ./System/LED.o
                0x0000000008005ccc                LED_init
 .text.LED_on   0x0000000008005d20       0x14 ./System/LED.o
                0x0000000008005d20                LED_on
 .text.LED_off  0x0000000008005d34       0x14 ./System/LED.o
                0x0000000008005d34                LED_off
 .text.LED_toggle
                0x0000000008005d48       0x24 ./System/LED.o
                0x0000000008005d48                LED_toggle
 .text.SCI_init
                0x0000000008005d6c       0x60 ./System/SCI.o
                0x0000000008005d6c                SCI_init
 .text._write   0x0000000008005dcc       0x2c ./System/SCI.o
                0x0000000008005dcc                _write
 .text.SCI_receive_char_Callback
                0x0000000008005df8       0x18 ./System/SCI.o
                0x0000000008005df8                SCI_receive_char_Callback
 .text.SCI_transmit_char_Callback
                0x0000000008005e10       0x44 ./System/SCI.o
                0x0000000008005e10                SCI_transmit_char_Callback
 .text.BUF_init
                0x0000000008005e54       0x10 ./System/buf.o
                0x0000000008005e54                BUF_init
 .text.BUF_store_byte
                0x0000000008005e64       0x3c ./System/buf.o
                0x0000000008005e64                BUF_store_byte
 .text.BUF_get_byte
                0x0000000008005ea0       0x34 ./System/buf.o
                0x0000000008005ea0                BUF_get_byte
 .text.BUF_get_data_size
                0x0000000008005ed4        0x4 ./System/buf.o
                0x0000000008005ed4                BUF_get_data_size
 .text.JOY_init
                0x0000000008005ed8       0x6c ./System/joystick.o
                0x0000000008005ed8                JOY_init
 .text.JOY_get_axis_position
                0x0000000008005f44       0x68 ./System/joystick.o
                0x0000000008005f44                JOY_get_axis_position
 .text.KBD_init
                0x0000000008005fac       0x70 ./System/kbd.o
                0x0000000008005fac                KBD_init
 .text.KBD_scan
                0x000000000800601c      0x110 ./System/kbd.o
                0x000000000800601c                KBD_scan
 .text.KBD_get_button_state
                0x000000000800612c       0x14 ./System/kbd.o
                0x000000000800612c                KBD_get_button_state
 .text.KBD_demo_toggle_LEDs_if_buttons_pressed
                0x0000000008006140      0x180 ./System/kbd.o
                0x0000000008006140                KBD_demo_toggle_LEDs_if_buttons_pressed
 .text.UserPixelSetFunction
                0x00000000080062c0       0x1c ./System/lcd.o
                0x00000000080062c0                UserPixelSetFunction
 .text._HW_FillFrame_
                0x00000000080062dc       0x4c ./System/lcd.o
 .text.LCD_Init
                0x0000000008006328       0x68 ./System/lcd.o
                0x0000000008006328                LCD_Init
 .text.LCD_uGUI_init
                0x0000000008006390       0x58 ./System/lcd.o
                0x0000000008006390                LCD_uGUI_init
 .text.LL_TIM_OC_SetCompareCH1
                0x00000000080063e8        0x4 ./System/lcd_backlight.o
 .text.LL_TIM_OC_GetCompareCH1
                0x00000000080063ec        0x4 ./System/lcd_backlight.o
 .text.LCD_BKLT_init
                0x00000000080063f0       0x3c ./System/lcd_backlight.o
                0x00000000080063f0                LCD_BKLT_init
 .text.ILI9341_SendData
                0x000000000800642c       0x90 ./System/lcd_ili9341.o
                0x000000000800642c                ILI9341_SendData
 .text.ILI9341_SendRepeatedData
                0x00000000080064bc       0x1c ./System/lcd_ili9341.o
                0x00000000080064bc                ILI9341_SendRepeatedData
 .text.ILI9341_SetDisplayWindow
                0x00000000080064d8       0xa0 ./System/lcd_ili9341.o
                0x00000000080064d8                ILI9341_SetDisplayWindow
 .text.ILI9341_Init
                0x0000000008006578      0x154 ./System/lcd_ili9341.o
                0x0000000008006578                ILI9341_Init
 .text.ILI9341_WaitTransfer
                0x00000000080066cc        0x8 ./System/lcd_ili9341.o
                0x00000000080066cc                ILI9341_WaitTransfer
 .text.ILI9341_DisplayOn
                0x00000000080066d4       0x1c ./System/lcd_ili9341.o
                0x00000000080066d4                ILI9341_DisplayOn
 .text.ILI9341_GetParam
                0x00000000080066f0       0x2c ./System/lcd_ili9341.o
                0x00000000080066f0                ILI9341_GetParam
 .text.PSERV_init
                0x000000000800671c       0x18 ./System/periodic_services.o
                0x000000000800671c                PSERV_init
 .text.PSERV_enable
                0x0000000008006734       0x14 ./System/periodic_services.o
                0x0000000008006734                PSERV_enable
 .text.PSERV_run_services_Callback
                0x0000000008006748        0x4 ./System/periodic_services.o
                0x0000000008006748                PSERV_run_services_Callback
 .text.narisi_velik_kvadrat
                0x000000000800674c       0x50 ./System/pomozne_funkcije.o
                0x000000000800674c                narisi_velik_kvadrat
 .text.narisi_velik_kvadrat_stene
                0x000000000800679c       0x68 ./System/pomozne_funkcije.o
                0x000000000800679c                narisi_velik_kvadrat_stene
 .text.create_rgb
                0x0000000008006804       0x10 ./System/pomozne_funkcije.o
                0x0000000008006804                create_rgb
 *fill*         0x0000000008006814        0x4 
 .text.drawGun  0x0000000008006818      0x134 ./System/ray_funkcije.o
                0x0000000008006818                drawGun
 .text.TIMUT_stopwatch_set_time_mark
                0x000000000800694c        0xc ./System/timing_utils.o
                0x000000000800694c                TIMUT_stopwatch_set_time_mark
 .text.TIMUT_stopwatch_has_X_ms_passed
                0x0000000008006958       0x1c ./System/timing_utils.o
                0x0000000008006958                TIMUT_stopwatch_has_X_ms_passed
 .text.UG_Init  0x0000000008006974       0x68 ./System/ugui.o
                0x0000000008006974                UG_Init
 .text.UG_FontSelect
                0x00000000080069dc       0x24 ./System/ugui.o
                0x00000000080069dc                UG_FontSelect
 .text.UG_FillFrame
                0x0000000008006a00       0x70 ./System/ugui.o
                0x0000000008006a00                UG_FillFrame
 .text.UG_SetForecolor
                0x0000000008006a70        0xc ./System/ugui.o
                0x0000000008006a70                UG_SetForecolor
 .text.UG_SetBackcolor
                0x0000000008006a7c        0xc ./System/ugui.o
                0x0000000008006a7c                UG_SetBackcolor
 .text._UG_PutChar
                0x0000000008006a88      0x3e4 ./System/ugui.o
                0x0000000008006a88                _UG_PutChar
 .text.UG_PutChar
                0x0000000008006e6c       0x1c ./System/ugui.o
                0x0000000008006e6c                UG_PutChar
 .text.UG_DriverRegister
                0x0000000008006e88       0x1c ./System/ugui.o
                0x0000000008006e88                UG_DriverRegister
 .text.UG_DriverEnable
                0x0000000008006ea4       0x24 ./System/ugui.o
                0x0000000008006ea4                UG_DriverEnable
 .text.__errno  0x0000000008006ec8        0xc c:/st/stm32cubeide_1.9.0/stm32cubeide/plugins/com.st.stm32cube.ide.mcu.externaltools.gnu-tools-for-stm32.10.3-2021.10.win32_1.0.0.202111181127/tools/bin/../lib/gcc/arm-none-eabi/10.3.1/../../../../arm-none-eabi/lib/thumb/v7e-m+fp/hard\libc_nano.a(lib_a-errno.o)
                0x0000000008006ec8                __errno
 .text.__libc_init_array
                0x0000000008006ed4       0x48 c:/st/stm32cubeide_1.9.0/stm32cubeide/plugins/com.st.stm32cube.ide.mcu.externaltools.gnu-tools-for-stm32.10.3-2021.10.win32_1.0.0.202111181127/tools/bin/../lib/gcc/arm-none-eabi/10.3.1/../../../../arm-none-eabi/lib/thumb/v7e-m+fp/hard\libc_nano.a(lib_a-init.o)
                0x0000000008006ed4                __libc_init_array
 .text.memset   0x0000000008006f1c       0x10 c:/st/stm32cubeide_1.9.0/stm32cubeide/plugins/com.st.stm32cube.ide.mcu.externaltools.gnu-tools-for-stm32.10.3-2021.10.win32_1.0.0.202111181127/tools/bin/../lib/gcc/arm-none-eabi/10.3.1/../../../../arm-none-eabi/lib/thumb/v7e-m+fp/hard\libc_nano.a(lib_a-memset.o)
                0x0000000008006f1c                memset
 .text.ldexp    0x0000000008006f2c       0x64 c:/st/stm32cubeide_1.9.0/stm32cubeide/plugins/com.st.stm32cube.ide.mcu.externaltools.gnu-tools-for-stm32.10.3-2021.10.win32_1.0.0.202111181127/tools/bin/../lib/gcc/arm-none-eabi/10.3.1/../../../../arm-none-eabi/lib/thumb/v7e-m+fp/hard\libc_nano.a(lib_a-s_ldexp.o)
                0x0000000008006f2c                ldexp
 .text.scalbn   0x0000000008006f90      0x10c c:/st/stm32cubeide_1.9.0/stm32cubeide/plugins/com.st.stm32cube.ide.mcu.externaltools.gnu-tools-for-stm32.10.3-2021.10.win32_1.0.0.202111181127/tools/bin/../lib/gcc/arm-none-eabi/10.3.1/../../../../arm-none-eabi/lib/thumb/v7e-m+fp/hard\libc_nano.a(lib_a-s_scalbn.o)
                0x0000000008006f90                scalbn
 .text.setvbuf  0x000000000800709c      0x18c c:/st/stm32cubeide_1.9.0/stm32cubeide/plugins/com.st.stm32cube.ide.mcu.externaltools.gnu-tools-for-stm32.10.3-2021.10.win32_1.0.0.202111181127/tools/bin/../lib/gcc/arm-none-eabi/10.3.1/../../../../arm-none-eabi/lib/thumb/v7e-m+fp/hard\libc_nano.a(lib_a-setvbuf.o)
                0x000000000800709c                setvbuf
 .text.scalbnf  0x0000000008007228       0xe4 c:/st/stm32cubeide_1.9.0/stm32cubeide/plugins/com.st.stm32cube.ide.mcu.externaltools.gnu-tools-for-stm32.10.3-2021.10.win32_1.0.0.202111181127/tools/bin/../lib/gcc/arm-none-eabi/10.3.1/../../../../arm-none-eabi/lib/thumb/v7e-m+fp/hard\libc_nano.a(lib_a-sf_scalbn.o)
                0x0000000008007228                scalbnf
 .text.__sflush_r
                0x000000000800730c      0x10c c:/st/stm32cubeide_1.9.0/stm32cubeide/plugins/com.st.stm32cube.ide.mcu.externaltools.gnu-tools-for-stm32.10.3-2021.10.win32_1.0.0.202111181127/tools/bin/../lib/gcc/arm-none-eabi/10.3.1/../../../../arm-none-eabi/lib/thumb/v7e-m+fp/hard\libc_nano.a(lib_a-fflush.o)
                0x000000000800730c                __sflush_r
 .text._fflush_r
                0x0000000008007418       0x78 c:/st/stm32cubeide_1.9.0/stm32cubeide/plugins/com.st.stm32cube.ide.mcu.externaltools.gnu-tools-for-stm32.10.3-2021.10.win32_1.0.0.202111181127/tools/bin/../lib/gcc/arm-none-eabi/10.3.1/../../../../arm-none-eabi/lib/thumb/v7e-m+fp/hard\libc_nano.a(lib_a-fflush.o)
                0x0000000008007418                _fflush_r
 .text.std      0x0000000008007490       0x48 c:/st/stm32cubeide_1.9.0/stm32cubeide/plugins/com.st.stm32cube.ide.mcu.externaltools.gnu-tools-for-stm32.10.3-2021.10.win32_1.0.0.202111181127/tools/bin/../lib/gcc/arm-none-eabi/10.3.1/../../../../arm-none-eabi/lib/thumb/v7e-m+fp/hard\libc_nano.a(lib_a-findfp.o)
 .text._cleanup_r
                0x00000000080074d8        0xc c:/st/stm32cubeide_1.9.0/stm32cubeide/plugins/com.st.stm32cube.ide.mcu.externaltools.gnu-tools-for-stm32.10.3-2021.10.win32_1.0.0.202111181127/tools/bin/../lib/gcc/arm-none-eabi/10.3.1/../../../../arm-none-eabi/lib/thumb/v7e-m+fp/hard\libc_nano.a(lib_a-findfp.o)
                0x00000000080074d8                _cleanup_r
 .text.__sfmoreglue
                0x00000000080074e4       0x2c c:/st/stm32cubeide_1.9.0/stm32cubeide/plugins/com.st.stm32cube.ide.mcu.externaltools.gnu-tools-for-stm32.10.3-2021.10.win32_1.0.0.202111181127/tools/bin/../lib/gcc/arm-none-eabi/10.3.1/../../../../arm-none-eabi/lib/thumb/v7e-m+fp/hard\libc_nano.a(lib_a-findfp.o)
                0x00000000080074e4                __sfmoreglue
 .text.__sfp_lock_acquire
                0x0000000008007510        0xc c:/st/stm32cubeide_1.9.0/stm32cubeide/plugins/com.st.stm32cube.ide.mcu.externaltools.gnu-tools-for-stm32.10.3-2021.10.win32_1.0.0.202111181127/tools/bin/../lib/gcc/arm-none-eabi/10.3.1/../../../../arm-none-eabi/lib/thumb/v7e-m+fp/hard\libc_nano.a(lib_a-findfp.o)
                0x0000000008007510                __sfp_lock_acquire
 .text.__sfp_lock_release
                0x000000000800751c        0xc c:/st/stm32cubeide_1.9.0/stm32cubeide/plugins/com.st.stm32cube.ide.mcu.externaltools.gnu-tools-for-stm32.10.3-2021.10.win32_1.0.0.202111181127/tools/bin/../lib/gcc/arm-none-eabi/10.3.1/../../../../arm-none-eabi/lib/thumb/v7e-m+fp/hard\libc_nano.a(lib_a-findfp.o)
                0x000000000800751c                __sfp_lock_release
 .text.__sinit_lock_acquire
                0x0000000008007528        0xc c:/st/stm32cubeide_1.9.0/stm32cubeide/plugins/com.st.stm32cube.ide.mcu.externaltools.gnu-tools-for-stm32.10.3-2021.10.win32_1.0.0.202111181127/tools/bin/../lib/gcc/arm-none-eabi/10.3.1/../../../../arm-none-eabi/lib/thumb/v7e-m+fp/hard\libc_nano.a(lib_a-findfp.o)
                0x0000000008007528                __sinit_lock_acquire
 .text.__sinit_lock_release
                0x0000000008007534        0xc c:/st/stm32cubeide_1.9.0/stm32cubeide/plugins/com.st.stm32cube.ide.mcu.externaltools.gnu-tools-for-stm32.10.3-2021.10.win32_1.0.0.202111181127/tools/bin/../lib/gcc/arm-none-eabi/10.3.1/../../../../arm-none-eabi/lib/thumb/v7e-m+fp/hard\libc_nano.a(lib_a-findfp.o)
                0x0000000008007534                __sinit_lock_release
 .text.__sinit  0x0000000008007540       0x70 c:/st/stm32cubeide_1.9.0/stm32cubeide/plugins/com.st.stm32cube.ide.mcu.externaltools.gnu-tools-for-stm32.10.3-2021.10.win32_1.0.0.202111181127/tools/bin/../lib/gcc/arm-none-eabi/10.3.1/../../../../arm-none-eabi/lib/thumb/v7e-m+fp/hard\libc_nano.a(lib_a-findfp.o)
                0x0000000008007540                __sinit
 .text.__sfp    0x00000000080075b0       0x8c c:/st/stm32cubeide_1.9.0/stm32cubeide/plugins/com.st.stm32cube.ide.mcu.externaltools.gnu-tools-for-stm32.10.3-2021.10.win32_1.0.0.202111181127/tools/bin/../lib/gcc/arm-none-eabi/10.3.1/../../../../arm-none-eabi/lib/thumb/v7e-m+fp/hard\libc_nano.a(lib_a-findfp.o)
                0x00000000080075b0                __sfp
 .text._fwalk_reent
                0x000000000800763c       0x3e c:/st/stm32cubeide_1.9.0/stm32cubeide/plugins/com.st.stm32cube.ide.mcu.externaltools.gnu-tools-for-stm32.10.3-2021.10.win32_1.0.0.202111181127/tools/bin/../lib/gcc/arm-none-eabi/10.3.1/../../../../arm-none-eabi/lib/thumb/v7e-m+fp/hard\libc_nano.a(lib_a-fwalk.o)
                0x000000000800763c                _fwalk_reent
 .text.__retarget_lock_init_recursive
                0x000000000800767a        0x2 c:/st/stm32cubeide_1.9.0/stm32cubeide/plugins/com.st.stm32cube.ide.mcu.externaltools.gnu-tools-for-stm32.10.3-2021.10.win32_1.0.0.202111181127/tools/bin/../lib/gcc/arm-none-eabi/10.3.1/../../../../arm-none-eabi/lib/thumb/v7e-m+fp/hard\libc_nano.a(lib_a-lock.o)
                0x000000000800767a                __retarget_lock_init_recursive
 .text.__retarget_lock_acquire_recursive
                0x000000000800767c        0x2 c:/st/stm32cubeide_1.9.0/stm32cubeide/plugins/com.st.stm32cube.ide.mcu.externaltools.gnu-tools-for-stm32.10.3-2021.10.win32_1.0.0.202111181127/tools/bin/../lib/gcc/arm-none-eabi/10.3.1/../../../../arm-none-eabi/lib/thumb/v7e-m+fp/hard\libc_nano.a(lib_a-lock.o)
                0x000000000800767c                __retarget_lock_acquire_recursive
 .text.__retarget_lock_release_recursive
                0x000000000800767e        0x2 c:/st/stm32cubeide_1.9.0/stm32cubeide/plugins/com.st.stm32cube.ide.mcu.externaltools.gnu-tools-for-stm32.10.3-2021.10.win32_1.0.0.202111181127/tools/bin/../lib/gcc/arm-none-eabi/10.3.1/../../../../arm-none-eabi/lib/thumb/v7e-m+fp/hard\libc_nano.a(lib_a-lock.o)
                0x000000000800767e                __retarget_lock_release_recursive
 .text.__swhatbuf_r
                0x0000000008007680       0x4a c:/st/stm32cubeide_1.9.0/stm32cubeide/plugins/com.st.stm32cube.ide.mcu.externaltools.gnu-tools-for-stm32.10.3-2021.10.win32_1.0.0.202111181127/tools/bin/../lib/gcc/arm-none-eabi/10.3.1/../../../../arm-none-eabi/lib/thumb/v7e-m+fp/hard\libc_nano.a(lib_a-makebuf.o)
                0x0000000008007680                __swhatbuf_r
 *fill*         0x00000000080076ca        0x2 
 .text.malloc   0x00000000080076cc       0x10 c:/st/stm32cubeide_1.9.0/stm32cubeide/plugins/com.st.stm32cube.ide.mcu.externaltools.gnu-tools-for-stm32.10.3-2021.10.win32_1.0.0.202111181127/tools/bin/../lib/gcc/arm-none-eabi/10.3.1/../../../../arm-none-eabi/lib/thumb/v7e-m+fp/hard\libc_nano.a(lib_a-malloc.o)
                0x00000000080076cc                malloc
 .text._free_r  0x00000000080076dc       0x98 c:/st/stm32cubeide_1.9.0/stm32cubeide/plugins/com.st.stm32cube.ide.mcu.externaltools.gnu-tools-for-stm32.10.3-2021.10.win32_1.0.0.202111181127/tools/bin/../lib/gcc/arm-none-eabi/10.3.1/../../../../arm-none-eabi/lib/thumb/v7e-m+fp/hard\libc_nano.a(lib_a-nano-freer.o)
                0x00000000080076dc                _free_r
 .text.sbrk_aligned
                0x0000000008007774       0x40 c:/st/stm32cubeide_1.9.0/stm32cubeide/plugins/com.st.stm32cube.ide.mcu.externaltools.gnu-tools-for-stm32.10.3-2021.10.win32_1.0.0.202111181127/tools/bin/../lib/gcc/arm-none-eabi/10.3.1/../../../../arm-none-eabi/lib/thumb/v7e-m+fp/hard\libc_nano.a(lib_a-nano-mallocr.o)
 .text._malloc_r
                0x00000000080077b4       0xe8 c:/st/stm32cubeide_1.9.0/stm32cubeide/plugins/com.st.stm32cube.ide.mcu.externaltools.gnu-tools-for-stm32.10.3-2021.10.win32_1.0.0.202111181127/tools/bin/../lib/gcc/arm-none-eabi/10.3.1/../../../../arm-none-eabi/lib/thumb/v7e-m+fp/hard\libc_nano.a(lib_a-nano-mallocr.o)
                0x00000000080077b4                _malloc_r
 .text.finite   0x000000000800789c       0x16 c:/st/stm32cubeide_1.9.0/stm32cubeide/plugins/com.st.stm32cube.ide.mcu.externaltools.gnu-tools-for-stm32.10.3-2021.10.win32_1.0.0.202111181127/tools/bin/../lib/gcc/arm-none-eabi/10.3.1/../../../../arm-none-eabi/lib/thumb/v7e-m+fp/hard\libc_nano.a(lib_a-s_finite.o)
                0x000000000800789c                finite
 *fill*         0x00000000080078b2        0x2 
 .text._sbrk_r  0x00000000080078b4       0x20 c:/st/stm32cubeide_1.9.0/stm32cubeide/plugins/com.st.stm32cube.ide.mcu.externaltools.gnu-tools-for-stm32.10.3-2021.10.win32_1.0.0.202111181127/tools/bin/../lib/gcc/arm-none-eabi/10.3.1/../../../../arm-none-eabi/lib/thumb/v7e-m+fp/hard\libc_nano.a(lib_a-sbrkr.o)
                0x00000000080078b4                _sbrk_r
 .text.__sread  0x00000000080078d4       0x22 c:/st/stm32cubeide_1.9.0/stm32cubeide/plugins/com.st.stm32cube.ide.mcu.externaltools.gnu-tools-for-stm32.10.3-2021.10.win32_1.0.0.202111181127/tools/bin/../lib/gcc/arm-none-eabi/10.3.1/../../../../arm-none-eabi/lib/thumb/v7e-m+fp/hard\libc_nano.a(lib_a-stdio.o)
                0x00000000080078d4                __sread
 .text.__swrite
                0x00000000080078f6       0x38 c:/st/stm32cubeide_1.9.0/stm32cubeide/plugins/com.st.stm32cube.ide.mcu.externaltools.gnu-tools-for-stm32.10.3-2021.10.win32_1.0.0.202111181127/tools/bin/../lib/gcc/arm-none-eabi/10.3.1/../../../../arm-none-eabi/lib/thumb/v7e-m+fp/hard\libc_nano.a(lib_a-stdio.o)
                0x00000000080078f6                __swrite
 .text.__sseek  0x000000000800792e       0x24 c:/st/stm32cubeide_1.9.0/stm32cubeide/plugins/com.st.stm32cube.ide.mcu.externaltools.gnu-tools-for-stm32.10.3-2021.10.win32_1.0.0.202111181127/tools/bin/../lib/gcc/arm-none-eabi/10.3.1/../../../../arm-none-eabi/lib/thumb/v7e-m+fp/hard\libc_nano.a(lib_a-stdio.o)
                0x000000000800792e                __sseek
 .text.__sclose
                0x0000000008007952        0x8 c:/st/stm32cubeide_1.9.0/stm32cubeide/plugins/com.st.stm32cube.ide.mcu.externaltools.gnu-tools-for-stm32.10.3-2021.10.win32_1.0.0.202111181127/tools/bin/../lib/gcc/arm-none-eabi/10.3.1/../../../../arm-none-eabi/lib/thumb/v7e-m+fp/hard\libc_nano.a(lib_a-stdio.o)
                0x0000000008007952                __sclose
 *fill*         0x000000000800795a        0x2 
 .text._write_r
                0x000000000800795c       0x24 c:/st/stm32cubeide_1.9.0/stm32cubeide/plugins/com.st.stm32cube.ide.mcu.externaltools.gnu-tools-for-stm32.10.3-2021.10.win32_1.0.0.202111181127/tools/bin/../lib/gcc/arm-none-eabi/10.3.1/../../../../arm-none-eabi/lib/thumb/v7e-m+fp/hard\libc_nano.a(lib_a-writer.o)
                0x000000000800795c                _write_r
 .text._close_r
                0x0000000008007980       0x20 c:/st/stm32cubeide_1.9.0/stm32cubeide/plugins/com.st.stm32cube.ide.mcu.externaltools.gnu-tools-for-stm32.10.3-2021.10.win32_1.0.0.202111181127/tools/bin/../lib/gcc/arm-none-eabi/10.3.1/../../../../arm-none-eabi/lib/thumb/v7e-m+fp/hard\libc_nano.a(lib_a-closer.o)
                0x0000000008007980                _close_r
 .text._fstat_r
                0x00000000080079a0       0x24 c:/st/stm32cubeide_1.9.0/stm32cubeide/plugins/com.st.stm32cube.ide.mcu.externaltools.gnu-tools-for-stm32.10.3-2021.10.win32_1.0.0.202111181127/tools/bin/../lib/gcc/arm-none-eabi/10.3.1/../../../../arm-none-eabi/lib/thumb/v7e-m+fp/hard\libc_nano.a(lib_a-fstatr.o)
                0x00000000080079a0                _fstat_r
 .text._lseek_r
                0x00000000080079c4       0x24 c:/st/stm32cubeide_1.9.0/stm32cubeide/plugins/com.st.stm32cube.ide.mcu.externaltools.gnu-tools-for-stm32.10.3-2021.10.win32_1.0.0.202111181127/tools/bin/../lib/gcc/arm-none-eabi/10.3.1/../../../../arm-none-eabi/lib/thumb/v7e-m+fp/hard\libc_nano.a(lib_a-lseekr.o)
                0x00000000080079c4                _lseek_r
 .text.__malloc_lock
                0x00000000080079e8        0xc c:/st/stm32cubeide_1.9.0/stm32cubeide/plugins/com.st.stm32cube.ide.mcu.externaltools.gnu-tools-for-stm32.10.3-2021.10.win32_1.0.0.202111181127/tools/bin/../lib/gcc/arm-none-eabi/10.3.1/../../../../arm-none-eabi/lib/thumb/v7e-m+fp/hard\libc_nano.a(lib_a-mlock.o)
                0x00000000080079e8                __malloc_lock
 .text.__malloc_unlock
                0x00000000080079f4        0xc c:/st/stm32cubeide_1.9.0/stm32cubeide/plugins/com.st.stm32cube.ide.mcu.externaltools.gnu-tools-for-stm32.10.3-2021.10.win32_1.0.0.202111181127/tools/bin/../lib/gcc/arm-none-eabi/10.3.1/../../../../arm-none-eabi/lib/thumb/v7e-m+fp/hard\libc_nano.a(lib_a-mlock.o)
                0x00000000080079f4                __malloc_unlock
 .text._read_r  0x0000000008007a00       0x24 c:/st/stm32cubeide_1.9.0/stm32cubeide/plugins/com.st.stm32cube.ide.mcu.externaltools.gnu-tools-for-stm32.10.3-2021.10.win32_1.0.0.202111181127/tools/bin/../lib/gcc/arm-none-eabi/10.3.1/../../../../arm-none-eabi/lib/thumb/v7e-m+fp/hard\libc_nano.a(lib_a-readr.o)
                0x0000000008007a00                _read_r
 .text.roundf   0x0000000008007a24       0x48 c:/st/stm32cubeide_1.9.0/stm32cubeide/plugins/com.st.stm32cube.ide.mcu.externaltools.gnu-tools-for-stm32.10.3-2021.10.win32_1.0.0.202111181127/tools/bin/../lib/gcc/arm-none-eabi/10.3.1/../../../../arm-none-eabi/lib/thumb/v7e-m+fp/hard\libm.a(lib_a-sf_round.o)
                0x0000000008007a24                roundf
 .text.tanf     0x0000000008007a6c       0x58 c:/st/stm32cubeide_1.9.0/stm32cubeide/plugins/com.st.stm32cube.ide.mcu.externaltools.gnu-tools-for-stm32.10.3-2021.10.win32_1.0.0.202111181127/tools/bin/../lib/gcc/arm-none-eabi/10.3.1/../../../../arm-none-eabi/lib/thumb/v7e-m+fp/hard\libm.a(lib_a-sf_tan.o)
                0x0000000008007a6c                tanf
 .text.fmod     0x0000000008007ac4       0x5c c:/st/stm32cubeide_1.9.0/stm32cubeide/plugins/com.st.stm32cube.ide.mcu.externaltools.gnu-tools-for-stm32.10.3-2021.10.win32_1.0.0.202111181127/tools/bin/../lib/gcc/arm-none-eabi/10.3.1/../../../../arm-none-eabi/lib/thumb/v7e-m+fp/hard\libm.a(lib_a-w_fmod.o)
                0x0000000008007ac4                fmod
 .text.sqrt     0x0000000008007b20       0x58 c:/st/stm32cubeide_1.9.0/stm32cubeide/plugins/com.st.stm32cube.ide.mcu.externaltools.gnu-tools-for-stm32.10.3-2021.10.win32_1.0.0.202111181127/tools/bin/../lib/gcc/arm-none-eabi/10.3.1/../../../../arm-none-eabi/lib/thumb/v7e-m+fp/hard\libm.a(lib_a-w_sqrt.o)
                0x0000000008007b20                sqrt
 .text.__ieee754_fmod
                0x0000000008007b78      0x224 c:/st/stm32cubeide_1.9.0/stm32cubeide/plugins/com.st.stm32cube.ide.mcu.externaltools.gnu-tools-for-stm32.10.3-2021.10.win32_1.0.0.202111181127/tools/bin/../lib/gcc/arm-none-eabi/10.3.1/../../../../arm-none-eabi/lib/thumb/v7e-m+fp/hard\libm.a(lib_a-e_fmod.o)
                0x0000000008007b78                __ieee754_fmod
 .text.__ieee754_sqrt
                0x0000000008007d9c      0x164 c:/st/stm32cubeide_1.9.0/stm32cubeide/plugins/com.st.stm32cube.ide.mcu.externaltools.gnu-tools-for-stm32.10.3-2021.10.win32_1.0.0.202111181127/tools/bin/../lib/gcc/arm-none-eabi/10.3.1/../../../../arm-none-eabi/lib/thumb/v7e-m+fp/hard\libm.a(lib_a-e_sqrt.o)
                0x0000000008007d9c                __ieee754_sqrt
 .text.__ieee754_rem_pio2f
                0x0000000008007f00      0x278 c:/st/stm32cubeide_1.9.0/stm32cubeide/plugins/com.st.stm32cube.ide.mcu.externaltools.gnu-tools-for-stm32.10.3-2021.10.win32_1.0.0.202111181127/tools/bin/../lib/gcc/arm-none-eabi/10.3.1/../../../../arm-none-eabi/lib/thumb/v7e-m+fp/hard\libm.a(lib_a-ef_rem_pio2.o)
                0x0000000008007f00                __ieee754_rem_pio2f
 .text.__kernel_rem_pio2f
                0x0000000008008178      0x4ec c:/st/stm32cubeide_1.9.0/stm32cubeide/plugins/com.st.stm32cube.ide.mcu.externaltools.gnu-tools-for-stm32.10.3-2021.10.win32_1.0.0.202111181127/tools/bin/../lib/gcc/arm-none-eabi/10.3.1/../../../../arm-none-eabi/lib/thumb/v7e-m+fp/hard\libm.a(lib_a-kf_rem_pio2.o)
                0x0000000008008178                __kernel_rem_pio2f
 .text.__kernel_tanf
                0x0000000008008664      0x1c0 c:/st/stm32cubeide_1.9.0/stm32cubeide/plugins/com.st.stm32cube.ide.mcu.externaltools.gnu-tools-for-stm32.10.3-2021.10.win32_1.0.0.202111181127/tools/bin/../lib/gcc/arm-none-eabi/10.3.1/../../../../arm-none-eabi/lib/thumb/v7e-m+fp/hard\libm.a(lib_a-kf_tan.o)
                0x0000000008008664                __kernel_tanf
 .text.fabsf    0x0000000008008824        0xe c:/st/stm32cubeide_1.9.0/stm32cubeide/plugins/com.st.stm32cube.ide.mcu.externaltools.gnu-tools-for-stm32.10.3-2021.10.win32_1.0.0.202111181127/tools/bin/../lib/gcc/arm-none-eabi/10.3.1/../../../../arm-none-eabi/lib/thumb/v7e-m+fp/hard\libm.a(lib_a-sf_fabs.o)
                0x0000000008008824                fabsf
 *fill*         0x0000000008008832        0x2 
 .text.floorf   0x0000000008008834       0x84 c:/st/stm32cubeide_1.9.0/stm32cubeide/plugins/com.st.stm32cube.ide.mcu.externaltools.gnu-tools-for-stm32.10.3-2021.10.win32_1.0.0.202111181127/tools/bin/../lib/gcc/arm-none-eabi/10.3.1/../../../../arm-none-eabi/lib/thumb/v7e-m+fp/hard\libm.a(lib_a-sf_floor.o)
                0x0000000008008834                floorf
 *(.glue_7)
 .glue_7        0x00000000080088b8        0x0 linker stubs
 *(.glue_7t)
 .glue_7t       0x00000000080088b8        0x0 linker stubs
 *(.eh_frame)
 .eh_frame      0x00000000080088b8        0x0 c:/st/stm32cubeide_1.9.0/stm32cubeide/plugins/com.st.stm32cube.ide.mcu.externaltools.gnu-tools-for-stm32.10.3-2021.10.win32_1.0.0.202111181127/tools/bin/../lib/gcc/arm-none-eabi/10.3.1/thumb/v7e-m+fp/hard/crtbegin.o
 *(.init)
 .init          0x00000000080088b8        0x4 c:/st/stm32cubeide_1.9.0/stm32cubeide/plugins/com.st.stm32cube.ide.mcu.externaltools.gnu-tools-for-stm32.10.3-2021.10.win32_1.0.0.202111181127/tools/bin/../lib/gcc/arm-none-eabi/10.3.1/thumb/v7e-m+fp/hard/crti.o
                0x00000000080088b8                _init
 .init          0x00000000080088bc        0x8 c:/st/stm32cubeide_1.9.0/stm32cubeide/plugins/com.st.stm32cube.ide.mcu.externaltools.gnu-tools-for-stm32.10.3-2021.10.win32_1.0.0.202111181127/tools/bin/../lib/gcc/arm-none-eabi/10.3.1/thumb/v7e-m+fp/hard/crtn.o
 *(.fini)
 .fini          0x00000000080088c4        0x4 c:/st/stm32cubeide_1.9.0/stm32cubeide/plugins/com.st.stm32cube.ide.mcu.externaltools.gnu-tools-for-stm32.10.3-2021.10.win32_1.0.0.202111181127/tools/bin/../lib/gcc/arm-none-eabi/10.3.1/thumb/v7e-m+fp/hard/crti.o
                0x00000000080088c4                _fini
 .fini          0x00000000080088c8        0x8 c:/st/stm32cubeide_1.9.0/stm32cubeide/plugins/com.st.stm32cube.ide.mcu.externaltools.gnu-tools-for-stm32.10.3-2021.10.win32_1.0.0.202111181127/tools/bin/../lib/gcc/arm-none-eabi/10.3.1/thumb/v7e-m+fp/hard/crtn.o
                0x00000000080088d0                . = ALIGN (0x4)
                0x00000000080088d0                _etext = .

.vfp11_veneer   0x00000000080088d0        0x0
 .vfp11_veneer  0x00000000080088d0        0x0 linker stubs

.v4_bx          0x00000000080088d0        0x0
 .v4_bx         0x00000000080088d0        0x0 linker stubs

.iplt           0x00000000080088d0        0x0
 .iplt          0x00000000080088d0        0x0 c:/st/stm32cubeide_1.9.0/stm32cubeide/plugins/com.st.stm32cube.ide.mcu.externaltools.gnu-tools-for-stm32.10.3-2021.10.win32_1.0.0.202111181127/tools/bin/../lib/gcc/arm-none-eabi/10.3.1/thumb/v7e-m+fp/hard/crtbegin.o

.rodata         0x00000000080088d0    0x100b8
                0x00000000080088d0                . = ALIGN (0x4)
 *(.rodata)
 *(.rodata*)
 .rodata.t_brickWall
                0x00000000080088d0      0xc00 ./Core/Src/main.o
                0x00000000080088d0                t_brickWall
 .rodata.t_floor
                0x00000000080094d0      0xc00 ./Core/Src/main.o
                0x00000000080094d0                t_floor
 .rodata.t_wall
                0x000000000800a0d0      0xc00 ./Core/Src/main.o
                0x000000000800a0d0                t_wall
 .rodata.t_wood
                0x000000000800acd0      0xc00 ./Core/Src/main.o
                0x000000000800acd0                t_wood
 .rodata.AHBPrescTable
                0x000000000800b8d0       0x10 ./Core/Src/system_stm32g4xx.o
                0x000000000800b8d0                AHBPrescTable
 .rodata.APBPrescTable
                0x000000000800b8e0        0x8 ./Core/Src/system_stm32g4xx.o
                0x000000000800b8e0                APBPrescTable
 .rodata.USART_PRESCALER_TAB
                0x000000000800b8e8       0x30 ./Drivers/STM32G4xx_HAL_Driver/Src/stm32g4xx_ll_usart.o
 .rodata.orientations
                0x000000000800b918       0x10 ./System/lcd_ili9341.o
 .rodata.t_guns
                0x000000000800b928     0xc000 ./System/ray_funkcije.o
                0x000000000800b928                t_guns
 .rodata.FONT_8X12
                0x0000000008017928       0x1c ./System/ugui.o
                0x0000000008017928                FONT_8X12
 .rodata.font_8x12
                0x0000000008017944      0xc00 ./System/ugui.o
                0x0000000008017944                font_8x12
 .rodata._global_impure_ptr
                0x0000000008018544        0x4 c:/st/stm32cubeide_1.9.0/stm32cubeide/plugins/com.st.stm32cube.ide.mcu.externaltools.gnu-tools-for-stm32.10.3-2021.10.win32_1.0.0.202111181127/tools/bin/../lib/gcc/arm-none-eabi/10.3.1/../../../../arm-none-eabi/lib/thumb/v7e-m+fp/hard\libc_nano.a(lib_a-impure.o)
                0x0000000008018544                _global_impure_ptr
 .rodata.__sf_fake_stderr
                0x0000000008018548       0x20 c:/st/stm32cubeide_1.9.0/stm32cubeide/plugins/com.st.stm32cube.ide.mcu.externaltools.gnu-tools-for-stm32.10.3-2021.10.win32_1.0.0.202111181127/tools/bin/../lib/gcc/arm-none-eabi/10.3.1/../../../../arm-none-eabi/lib/thumb/v7e-m+fp/hard\libc_nano.a(lib_a-findfp.o)
                0x0000000008018548                __sf_fake_stderr
 .rodata.__sf_fake_stdin
                0x0000000008018568       0x20 c:/st/stm32cubeide_1.9.0/stm32cubeide/plugins/com.st.stm32cube.ide.mcu.externaltools.gnu-tools-for-stm32.10.3-2021.10.win32_1.0.0.202111181127/tools/bin/../lib/gcc/arm-none-eabi/10.3.1/../../../../arm-none-eabi/lib/thumb/v7e-m+fp/hard\libc_nano.a(lib_a-findfp.o)
                0x0000000008018568                __sf_fake_stdin
 .rodata.__sf_fake_stdout
                0x0000000008018588       0x20 c:/st/stm32cubeide_1.9.0/stm32cubeide/plugins/com.st.stm32cube.ide.mcu.externaltools.gnu-tools-for-stm32.10.3-2021.10.win32_1.0.0.202111181127/tools/bin/../lib/gcc/arm-none-eabi/10.3.1/../../../../arm-none-eabi/lib/thumb/v7e-m+fp/hard\libc_nano.a(lib_a-findfp.o)
                0x0000000008018588                __sf_fake_stdout
 .rodata.Zero   0x00000000080185a8       0x10 c:/st/stm32cubeide_1.9.0/stm32cubeide/plugins/com.st.stm32cube.ide.mcu.externaltools.gnu-tools-for-stm32.10.3-2021.10.win32_1.0.0.202111181127/tools/bin/../lib/gcc/arm-none-eabi/10.3.1/../../../../arm-none-eabi/lib/thumb/v7e-m+fp/hard\libm.a(lib_a-e_fmod.o)
 .rodata.npio2_hw
                0x00000000080185b8       0x80 c:/st/stm32cubeide_1.9.0/stm32cubeide/plugins/com.st.stm32cube.ide.mcu.externaltools.gnu-tools-for-stm32.10.3-2021.10.win32_1.0.0.202111181127/tools/bin/../lib/gcc/arm-none-eabi/10.3.1/../../../../arm-none-eabi/lib/thumb/v7e-m+fp/hard\libm.a(lib_a-ef_rem_pio2.o)
 .rodata.two_over_pi
                0x0000000008018638      0x318 c:/st/stm32cubeide_1.9.0/stm32cubeide/plugins/com.st.stm32cube.ide.mcu.externaltools.gnu-tools-for-stm32.10.3-2021.10.win32_1.0.0.202111181127/tools/bin/../lib/gcc/arm-none-eabi/10.3.1/../../../../arm-none-eabi/lib/thumb/v7e-m+fp/hard\libm.a(lib_a-ef_rem_pio2.o)
 .rodata.PIo2   0x0000000008018950       0x2c c:/st/stm32cubeide_1.9.0/stm32cubeide/plugins/com.st.stm32cube.ide.mcu.externaltools.gnu-tools-for-stm32.10.3-2021.10.win32_1.0.0.202111181127/tools/bin/../lib/gcc/arm-none-eabi/10.3.1/../../../../arm-none-eabi/lib/thumb/v7e-m+fp/hard\libm.a(lib_a-kf_rem_pio2.o)
 .rodata.init_jk
                0x000000000801897c        0xc c:/st/stm32cubeide_1.9.0/stm32cubeide/plugins/com.st.stm32cube.ide.mcu.externaltools.gnu-tools-for-stm32.10.3-2021.10.win32_1.0.0.202111181127/tools/bin/../lib/gcc/arm-none-eabi/10.3.1/../../../../arm-none-eabi/lib/thumb/v7e-m+fp/hard\libm.a(lib_a-kf_rem_pio2.o)
                0x0000000008018988                . = ALIGN (0x4)

.rel.dyn        0x0000000008018988        0x0
 .rel.iplt      0x0000000008018988        0x0 c:/st/stm32cubeide_1.9.0/stm32cubeide/plugins/com.st.stm32cube.ide.mcu.externaltools.gnu-tools-for-stm32.10.3-2021.10.win32_1.0.0.202111181127/tools/bin/../lib/gcc/arm-none-eabi/10.3.1/thumb/v7e-m+fp/hard/crtbegin.o

.ARM.extab      0x0000000008018988        0x0
                0x0000000008018988                . = ALIGN (0x4)
 *(.ARM.extab* .gnu.linkonce.armextab.*)
                0x0000000008018988                . = ALIGN (0x4)

.ARM            0x0000000008018988        0x0
                0x0000000008018988                . = ALIGN (0x4)
                0x0000000008018988                __exidx_start = .
 *(.ARM.exidx*)
                0x0000000008018988                __exidx_end = .
                0x0000000008018988                . = ALIGN (0x4)

.preinit_array  0x0000000008018988        0x0
                0x0000000008018988                . = ALIGN (0x4)
                0x0000000008018988                PROVIDE (__preinit_array_start = .)
 *(.preinit_array*)
                0x0000000008018988                PROVIDE (__preinit_array_end = .)
                0x0000000008018988                . = ALIGN (0x4)

.init_array     0x0000000008018988        0x4
                0x0000000008018988                . = ALIGN (0x4)
                0x0000000008018988                PROVIDE (__init_array_start = .)
 *(SORT_BY_NAME(.init_array.*))
 *(.init_array*)
 .init_array    0x0000000008018988        0x4 c:/st/stm32cubeide_1.9.0/stm32cubeide/plugins/com.st.stm32cube.ide.mcu.externaltools.gnu-tools-for-stm32.10.3-2021.10.win32_1.0.0.202111181127/tools/bin/../lib/gcc/arm-none-eabi/10.3.1/thumb/v7e-m+fp/hard/crtbegin.o
                0x000000000801898c                PROVIDE (__init_array_end = .)
                0x000000000801898c                . = ALIGN (0x4)

.fini_array     0x000000000801898c        0x4
                0x000000000801898c                . = ALIGN (0x4)
                [!provide]                        PROVIDE (__fini_array_start = .)
 *(SORT_BY_NAME(.fini_array.*))
 *(.fini_array*)
 .fini_array    0x000000000801898c        0x4 c:/st/stm32cubeide_1.9.0/stm32cubeide/plugins/com.st.stm32cube.ide.mcu.externaltools.gnu-tools-for-stm32.10.3-2021.10.win32_1.0.0.202111181127/tools/bin/../lib/gcc/arm-none-eabi/10.3.1/thumb/v7e-m+fp/hard/crtbegin.o
                [!provide]                        PROVIDE (__fini_array_end = .)
                0x0000000008018990                . = ALIGN (0x4)
                0x0000000008018990                _sidata = LOADADDR (.data)

.data           0x0000000020000000       0xe4 load address 0x0000000008018990
                0x0000000020000000                . = ALIGN (0x4)
                0x0000000020000000                _sdata = .
 *(.data)
 *(.data*)
 .data.SystemCoreClock
                0x0000000020000000        0x4 ./Core/Src/system_stm32g4xx.o
                0x0000000020000000                SystemCoreClock
 .data.uwTickFreq
                0x0000000020000004        0x4 ./Drivers/STM32G4xx_HAL_Driver/Src/stm32g4xx_hal.o
                0x0000000020000004                uwTickFreq
 .data.uwTickPrio
                0x0000000020000008        0x4 ./Drivers/STM32G4xx_HAL_Driver/Src/stm32g4xx_hal.o
                0x0000000020000008                uwTickPrio
 .data.Blocksize
                0x000000002000000c        0x4 ./System/podatki.o
                0x000000002000000c                Blocksize
 .data.angle    0x0000000020000010        0x4 ./System/podatki.o
                0x0000000020000010                angle
 .data.map      0x0000000020000014       0x64 ./System/podatki.o
                0x0000000020000014                map
 .data.px       0x0000000020000078        0x4 ./System/podatki.o
                0x0000000020000078                px
 .data.py       0x000000002000007c        0x4 ./System/podatki.o
                0x000000002000007c                py
 .data._impure_ptr
                0x0000000020000080        0x4 c:/st/stm32cubeide_1.9.0/stm32cubeide/plugins/com.st.stm32cube.ide.mcu.externaltools.gnu-tools-for-stm32.10.3-2021.10.win32_1.0.0.202111181127/tools/bin/../lib/gcc/arm-none-eabi/10.3.1/../../../../arm-none-eabi/lib/thumb/v7e-m+fp/hard\libc_nano.a(lib_a-impure.o)
                0x0000000020000080                _impure_ptr
 .data.impure_data
                0x0000000020000084       0x60 c:/st/stm32cubeide_1.9.0/stm32cubeide/plugins/com.st.stm32cube.ide.mcu.externaltools.gnu-tools-for-stm32.10.3-2021.10.win32_1.0.0.202111181127/tools/bin/../lib/gcc/arm-none-eabi/10.3.1/../../../../arm-none-eabi/lib/thumb/v7e-m+fp/hard\libc_nano.a(lib_a-impure.o)
 *(.RamFunc)
 *(.RamFunc*)
                0x00000000200000e4                . = ALIGN (0x4)
                0x00000000200000e4                _edata = .

.igot.plt       0x00000000200000e4        0x0 load address 0x0000000008018a74
 .igot.plt      0x00000000200000e4        0x0 c:/st/stm32cubeide_1.9.0/stm32cubeide/plugins/com.st.stm32cube.ide.mcu.externaltools.gnu-tools-for-stm32.10.3-2021.10.win32_1.0.0.202111181127/tools/bin/../lib/gcc/arm-none-eabi/10.3.1/thumb/v7e-m+fp/hard/crtbegin.o
                0x00000000200000e4                . = ALIGN (0x4)

.bss            0x00000000200000e8    0x1caec load address 0x0000000008018a74
                0x00000000200000e8                _sbss = .
                0x00000000200000e8                __bss_start__ = _sbss
 *(.bss)
 .bss           0x00000000200000e8       0x1c c:/st/stm32cubeide_1.9.0/stm32cubeide/plugins/com.st.stm32cube.ide.mcu.externaltools.gnu-tools-for-stm32.10.3-2021.10.win32_1.0.0.202111181127/tools/bin/../lib/gcc/arm-none-eabi/10.3.1/thumb/v7e-m+fp/hard/crtbegin.o
 *(.bss*)
 .bss.hadc4     0x0000000020000104       0x6c ./Core/Src/main.o
                0x0000000020000104                hadc4
 .bss.hcordic   0x0000000020000170       0x28 ./Core/Src/main.o
                0x0000000020000170                hcordic
 .bss.hdma_adc4
                0x0000000020000198       0x60 ./Core/Src/main.o
                0x0000000020000198                hdma_adc4
 .bss.hdma_memtomem_dma1_channel2
                0x00000000200001f8       0x60 ./Core/Src/main.o
                0x00000000200001f8                hdma_memtomem_dma1_channel2
 .bss.hspi1     0x0000000020000258       0x64 ./Core/Src/main.o
                0x0000000020000258                hspi1
 *fill*         0x00000000200002bc        0x4 
 .bss.hsram1    0x00000000200002c0       0x58 ./Core/Src/main.o
                0x00000000200002c0                hsram1
 .bss.htim1     0x0000000020000318       0x4c ./Core/Src/main.o
                0x0000000020000318                htim1
 .bss.FMC_Initialized
                0x0000000020000364        0x4 ./Core/Src/stm32g4xx_hal_msp.o
 .bss.__sbrk_heap_end
                0x0000000020000368        0x4 ./Core/Src/sysmem.o
 .bss.uwTick    0x000000002000036c        0x4 ./Drivers/STM32G4xx_HAL_Driver/Src/stm32g4xx_hal.o
                0x000000002000036c                uwTick
 .bss.LED_group
                0x0000000020000370       0x40 ./System/LED.o
                0x0000000020000370                LED_group
 .bss.SCI       0x00000000200003b0        0x4 ./System/SCI.o
                0x00000000200003b0                SCI
 .bss.SCI_RX_buf_handle
                0x00000000200003b4       0x18 ./System/SCI.o
                0x00000000200003b4                SCI_RX_buf_handle
 .bss.SCI_RX_buffer
                0x00000000200003cc      0x200 ./System/SCI.o
                0x00000000200003cc                SCI_RX_buffer
 .bss.SCI_TX_buf_handle
                0x00000000200005cc       0x18 ./System/SCI.o
                0x00000000200005cc                SCI_TX_buf_handle
 .bss.SCI_TX_buffer
                0x00000000200005e4      0x200 ./System/SCI.o
                0x00000000200005e4                SCI_TX_buffer
 .bss.joy_btn_buf_handle
                0x00000000200007e4       0x18 ./System/joystick.o
                0x00000000200007e4                joy_btn_buf_handle
 .bss.joy_btn_buffer
                0x00000000200007fc       0x10 ./System/joystick.o
                0x00000000200007fc                joy_btn_buffer
 *fill*         0x000000002000080c        0x4 
 .bss.joystick  0x0000000020000810       0x24 ./System/joystick.o
                0x0000000020000810                joystick
 .bss.kbd_buf_handle
                0x0000000020000834       0x18 ./System/kbd.o
                0x0000000020000834                kbd_buf_handle
 .bss.kbd_buffer
                0x000000002000084c       0x20 ./System/kbd.o
                0x000000002000084c                kbd_buffer
 .bss.keyboard  0x000000002000086c       0x48 ./System/kbd.o
                0x000000002000086c                keyboard
 .bss.gui       0x00000000200008b4       0x8c ./System/lcd.o
                0x00000000200008b4                gui
 .bss.LCD_backlight
                0x0000000020000940       0x14 ./System/lcd_backlight.o
                0x0000000020000940                LCD_backlight
 *fill*         0x0000000020000954        0x4 
 .bss.LCD       0x0000000020000958        0xc ./System/lcd_ili9341.o
 .bss.periodic_services
                0x0000000020000964        0x4 ./System/periodic_services.o
 .bss.pixels    0x0000000020000968    0x1c200 ./System/podatki.o
                0x0000000020000968                pixels
 .bss.sp        0x000000002001cb68       0x58 ./System/podatki.o
                0x000000002001cb68                sp
 .bss.gui       0x000000002001cbc0        0x4 ./System/ugui.o
 .bss.__lock___malloc_recursive_mutex
                0x000000002001cbc4        0x1 c:/st/stm32cubeide_1.9.0/stm32cubeide/plugins/com.st.stm32cube.ide.mcu.externaltools.gnu-tools-for-stm32.10.3-2021.10.win32_1.0.0.202111181127/tools/bin/../lib/gcc/arm-none-eabi/10.3.1/../../../../arm-none-eabi/lib/thumb/v7e-m+fp/hard\libc_nano.a(lib_a-lock.o)
                0x000000002001cbc4                __lock___malloc_recursive_mutex
 .bss.__lock___sfp_recursive_mutex
                0x000000002001cbc5        0x1 c:/st/stm32cubeide_1.9.0/stm32cubeide/plugins/com.st.stm32cube.ide.mcu.externaltools.gnu-tools-for-stm32.10.3-2021.10.win32_1.0.0.202111181127/tools/bin/../lib/gcc/arm-none-eabi/10.3.1/../../../../arm-none-eabi/lib/thumb/v7e-m+fp/hard\libc_nano.a(lib_a-lock.o)
                0x000000002001cbc5                __lock___sfp_recursive_mutex
 .bss.__lock___sinit_recursive_mutex
                0x000000002001cbc6        0x1 c:/st/stm32cubeide_1.9.0/stm32cubeide/plugins/com.st.stm32cube.ide.mcu.externaltools.gnu-tools-for-stm32.10.3-2021.10.win32_1.0.0.202111181127/tools/bin/../lib/gcc/arm-none-eabi/10.3.1/../../../../arm-none-eabi/lib/thumb/v7e-m+fp/hard\libc_nano.a(lib_a-lock.o)
                0x000000002001cbc6                __lock___sinit_recursive_mutex
 *fill*         0x000000002001cbc7        0x1 
 .bss.__malloc_free_list
                0x000000002001cbc8        0x4 c:/st/stm32cubeide_1.9.0/stm32cubeide/plugins/com.st.stm32cube.ide.mcu.externaltools.gnu-tools-for-stm32.10.3-2021.10.win32_1.0.0.202111181127/tools/bin/../lib/gcc/arm-none-eabi/10.3.1/../../../../arm-none-eabi/lib/thumb/v7e-m+fp/hard\libc_nano.a(lib_a-nano-mallocr.o)
                0x000000002001cbc8                __malloc_free_list
 .bss.__malloc_sbrk_start
                0x000000002001cbcc        0x4 c:/st/stm32cubeide_1.9.0/stm32cubeide/plugins/com.st.stm32cube.ide.mcu.externaltools.gnu-tools-for-stm32.10.3-2021.10.win32_1.0.0.202111181127/tools/bin/../lib/gcc/arm-none-eabi/10.3.1/../../../../arm-none-eabi/lib/thumb/v7e-m+fp/hard\libc_nano.a(lib_a-nano-mallocr.o)
                0x000000002001cbcc                __malloc_sbrk_start
 .bss.errno     0x000000002001cbd0        0x4 c:/st/stm32cubeide_1.9.0/stm32cubeide/plugins/com.st.stm32cube.ide.mcu.externaltools.gnu-tools-for-stm32.10.3-2021.10.win32_1.0.0.202111181127/tools/bin/../lib/gcc/arm-none-eabi/10.3.1/../../../../arm-none-eabi/lib/thumb/v7e-m+fp/hard\libc_nano.a(lib_a-reent.o)
                0x000000002001cbd0                errno
 *(COMMON)
                0x000000002001cbd4                . = ALIGN (0x4)
                0x000000002001cbd4                _ebss = .
                0x000000002001cbd4                __bss_end__ = _ebss

._user_heap_stack
                0x000000002001cbd4      0x604 load address 0x0000000008018a74
                0x000000002001cbd8                . = ALIGN (0x8)
 *fill*         0x000000002001cbd4        0x4 
                [!provide]                        PROVIDE (end = .)
                0x000000002001cbd8                PROVIDE (_end = .)
                0x000000002001cdd8                . = (. + _Min_Heap_Size)
 *fill*         0x000000002001cbd8      0x200 
                0x000000002001d1d8                . = (. + _Min_Stack_Size)
 *fill*         0x000000002001cdd8      0x400 
                0x000000002001d1d8                . = ALIGN (0x8)

/DISCARD/
 libc.a(*)
 libm.a(*)
 libgcc.a(*)

.ARM.attributes
                0x0000000000000000       0x30
 *(.ARM.attributes)
 .ARM.attributes
                0x0000000000000000       0x1e c:/st/stm32cubeide_1.9.0/stm32cubeide/plugins/com.st.stm32cube.ide.mcu.externaltools.gnu-tools-for-stm32.10.3-2021.10.win32_1.0.0.202111181127/tools/bin/../lib/gcc/arm-none-eabi/10.3.1/thumb/v7e-m+fp/hard/crti.o
 .ARM.attributes
                0x000000000000001e       0x34 c:/st/stm32cubeide_1.9.0/stm32cubeide/plugins/com.st.stm32cube.ide.mcu.externaltools.gnu-tools-for-stm32.10.3-2021.10.win32_1.0.0.202111181127/tools/bin/../lib/gcc/arm-none-eabi/10.3.1/thumb/v7e-m+fp/hard/crtbegin.o
 .ARM.attributes
                0x0000000000000052       0x30 ./Core/Src/main.o
 .ARM.attributes
                0x0000000000000082       0x30 ./Core/Src/stm32g4xx_hal_msp.o
 .ARM.attributes
                0x00000000000000b2       0x30 ./Core/Src/stm32g4xx_it.o
 .ARM.attributes
                0x00000000000000e2       0x30 ./Core/Src/syscalls.o
 .ARM.attributes
                0x0000000000000112       0x30 ./Core/Src/sysmem.o
 .ARM.attributes
                0x0000000000000142       0x30 ./Core/Src/system_stm32g4xx.o
 .ARM.attributes
                0x0000000000000172       0x21 ./Core/Startup/startup_stm32g474qetx.o
 .ARM.attributes
                0x0000000000000193       0x30 ./Drivers/STM32G4xx_HAL_Driver/Src/stm32g4xx_hal.o
 .ARM.attributes
                0x00000000000001c3       0x30 ./Drivers/STM32G4xx_HAL_Driver/Src/stm32g4xx_hal_adc.o
 .ARM.attributes
                0x00000000000001f3       0x30 ./Drivers/STM32G4xx_HAL_Driver/Src/stm32g4xx_hal_adc_ex.o
 .ARM.attributes
                0x0000000000000223       0x30 ./Drivers/STM32G4xx_HAL_Driver/Src/stm32g4xx_hal_cordic.o
 .ARM.attributes
                0x0000000000000253       0x30 ./Drivers/STM32G4xx_HAL_Driver/Src/stm32g4xx_hal_cortex.o
 .ARM.attributes
                0x0000000000000283       0x30 ./Drivers/STM32G4xx_HAL_Driver/Src/stm32g4xx_hal_dma.o
 .ARM.attributes
                0x00000000000002b3       0x30 ./Drivers/STM32G4xx_HAL_Driver/Src/stm32g4xx_hal_gpio.o
 .ARM.attributes
                0x00000000000002e3       0x30 ./Drivers/STM32G4xx_HAL_Driver/Src/stm32g4xx_hal_pwr_ex.o
 .ARM.attributes
                0x0000000000000313       0x30 ./Drivers/STM32G4xx_HAL_Driver/Src/stm32g4xx_hal_rcc.o
 .ARM.attributes
                0x0000000000000343       0x30 ./Drivers/STM32G4xx_HAL_Driver/Src/stm32g4xx_hal_rcc_ex.o
 .ARM.attributes
                0x0000000000000373       0x30 ./Drivers/STM32G4xx_HAL_Driver/Src/stm32g4xx_hal_spi.o
 .ARM.attributes
                0x00000000000003a3       0x30 ./Drivers/STM32G4xx_HAL_Driver/Src/stm32g4xx_hal_sram.o
 .ARM.attributes
                0x00000000000003d3       0x30 ./Drivers/STM32G4xx_HAL_Driver/Src/stm32g4xx_hal_tim.o
 .ARM.attributes
                0x0000000000000403       0x30 ./Drivers/STM32G4xx_HAL_Driver/Src/stm32g4xx_hal_tim_ex.o
 .ARM.attributes
                0x0000000000000433       0x30 ./Drivers/STM32G4xx_HAL_Driver/Src/stm32g4xx_ll_fmc.o
 .ARM.attributes
                0x0000000000000463       0x30 ./Drivers/STM32G4xx_HAL_Driver/Src/stm32g4xx_ll_gpio.o
 .ARM.attributes
                0x0000000000000493       0x30 ./Drivers/STM32G4xx_HAL_Driver/Src/stm32g4xx_ll_rcc.o
 .ARM.attributes
                0x00000000000004c3       0x30 ./Drivers/STM32G4xx_HAL_Driver/Src/stm32g4xx_ll_tim.o
 .ARM.attributes
                0x00000000000004f3       0x30 ./Drivers/STM32G4xx_HAL_Driver/Src/stm32g4xx_ll_usart.o
 .ARM.attributes
                0x0000000000000523       0x30 ./System/LED.o
 .ARM.attributes
                0x0000000000000553       0x30 ./System/SCI.o
 .ARM.attributes
                0x0000000000000583       0x30 ./System/buf.o
 .ARM.attributes
                0x00000000000005b3       0x30 ./System/joystick.o
 .ARM.attributes
                0x00000000000005e3       0x30 ./System/kbd.o
 .ARM.attributes
                0x0000000000000613       0x30 ./System/lcd.o
 .ARM.attributes
                0x0000000000000643       0x30 ./System/lcd_backlight.o
 .ARM.attributes
                0x0000000000000673       0x30 ./System/lcd_ili9341.o
 .ARM.attributes
                0x00000000000006a3       0x30 ./System/periodic_services.o
 .ARM.attributes
                0x00000000000006d3       0x30 ./System/podatki.o
 .ARM.attributes
                0x0000000000000703       0x30 ./System/pomozne_funkcije.o
 .ARM.attributes
                0x0000000000000733       0x30 ./System/ray_funkcije.o
 .ARM.attributes
                0x0000000000000763       0x30 ./System/timing_utils.o
 .ARM.attributes
                0x0000000000000793       0x30 ./System/ugui.o
 .ARM.attributes
                0x00000000000007c3       0x34 c:/st/stm32cubeide_1.9.0/stm32cubeide/plugins/com.st.stm32cube.ide.mcu.externaltools.gnu-tools-for-stm32.10.3-2021.10.win32_1.0.0.202111181127/tools/bin/../lib/gcc/arm-none-eabi/10.3.1/../../../../arm-none-eabi/lib/thumb/v7e-m+fp/hard\libc_nano.a(lib_a-errno.o)
 .ARM.attributes
                0x00000000000007f7       0x34 c:/st/stm32cubeide_1.9.0/stm32cubeide/plugins/com.st.stm32cube.ide.mcu.externaltools.gnu-tools-for-stm32.10.3-2021.10.win32_1.0.0.202111181127/tools/bin/../lib/gcc/arm-none-eabi/10.3.1/../../../../arm-none-eabi/lib/thumb/v7e-m+fp/hard\libc_nano.a(lib_a-impure.o)
 .ARM.attributes
                0x000000000000082b       0x34 c:/st/stm32cubeide_1.9.0/stm32cubeide/plugins/com.st.stm32cube.ide.mcu.externaltools.gnu-tools-for-stm32.10.3-2021.10.win32_1.0.0.202111181127/tools/bin/../lib/gcc/arm-none-eabi/10.3.1/../../../../arm-none-eabi/lib/thumb/v7e-m+fp/hard\libc_nano.a(lib_a-init.o)
 .ARM.attributes
                0x000000000000085f       0x34 c:/st/stm32cubeide_1.9.0/stm32cubeide/plugins/com.st.stm32cube.ide.mcu.externaltools.gnu-tools-for-stm32.10.3-2021.10.win32_1.0.0.202111181127/tools/bin/../lib/gcc/arm-none-eabi/10.3.1/../../../../arm-none-eabi/lib/thumb/v7e-m+fp/hard\libc_nano.a(lib_a-memset.o)
 .ARM.attributes
                0x0000000000000893       0x34 c:/st/stm32cubeide_1.9.0/stm32cubeide/plugins/com.st.stm32cube.ide.mcu.externaltools.gnu-tools-for-stm32.10.3-2021.10.win32_1.0.0.202111181127/tools/bin/../lib/gcc/arm-none-eabi/10.3.1/../../../../arm-none-eabi/lib/thumb/v7e-m+fp/hard\libc_nano.a(lib_a-s_ldexp.o)
 .ARM.attributes
                0x00000000000008c7       0x34 c:/st/stm32cubeide_1.9.0/stm32cubeide/plugins/com.st.stm32cube.ide.mcu.externaltools.gnu-tools-for-stm32.10.3-2021.10.win32_1.0.0.202111181127/tools/bin/../lib/gcc/arm-none-eabi/10.3.1/../../../../arm-none-eabi/lib/thumb/v7e-m+fp/hard\libc_nano.a(lib_a-s_scalbn.o)
 .ARM.attributes
                0x00000000000008fb       0x34 c:/st/stm32cubeide_1.9.0/stm32cubeide/plugins/com.st.stm32cube.ide.mcu.externaltools.gnu-tools-for-stm32.10.3-2021.10.win32_1.0.0.202111181127/tools/bin/../lib/gcc/arm-none-eabi/10.3.1/../../../../arm-none-eabi/lib/thumb/v7e-m+fp/hard\libc_nano.a(lib_a-setvbuf.o)
 .ARM.attributes
                0x000000000000092f       0x34 c:/st/stm32cubeide_1.9.0/stm32cubeide/plugins/com.st.stm32cube.ide.mcu.externaltools.gnu-tools-for-stm32.10.3-2021.10.win32_1.0.0.202111181127/tools/bin/../lib/gcc/arm-none-eabi/10.3.1/../../../../arm-none-eabi/lib/thumb/v7e-m+fp/hard\libc_nano.a(lib_a-sf_scalbn.o)
 .ARM.attributes
                0x0000000000000963       0x34 c:/st/stm32cubeide_1.9.0/stm32cubeide/plugins/com.st.stm32cube.ide.mcu.externaltools.gnu-tools-for-stm32.10.3-2021.10.win32_1.0.0.202111181127/tools/bin/../lib/gcc/arm-none-eabi/10.3.1/../../../../arm-none-eabi/lib/thumb/v7e-m+fp/hard\libc_nano.a(lib_a-fflush.o)
 .ARM.attributes
                0x0000000000000997       0x34 c:/st/stm32cubeide_1.9.0/stm32cubeide/plugins/com.st.stm32cube.ide.mcu.externaltools.gnu-tools-for-stm32.10.3-2021.10.win32_1.0.0.202111181127/tools/bin/../lib/gcc/arm-none-eabi/10.3.1/../../../../arm-none-eabi/lib/thumb/v7e-m+fp/hard\libc_nano.a(lib_a-findfp.o)
 .ARM.attributes
                0x00000000000009cb       0x34 c:/st/stm32cubeide_1.9.0/stm32cubeide/plugins/com.st.stm32cube.ide.mcu.externaltools.gnu-tools-for-stm32.10.3-2021.10.win32_1.0.0.202111181127/tools/bin/../lib/gcc/arm-none-eabi/10.3.1/../../../../arm-none-eabi/lib/thumb/v7e-m+fp/hard\libc_nano.a(lib_a-fwalk.o)
 .ARM.attributes
                0x00000000000009ff       0x34 c:/st/stm32cubeide_1.9.0/stm32cubeide/plugins/com.st.stm32cube.ide.mcu.externaltools.gnu-tools-for-stm32.10.3-2021.10.win32_1.0.0.202111181127/tools/bin/../lib/gcc/arm-none-eabi/10.3.1/../../../../arm-none-eabi/lib/thumb/v7e-m+fp/hard\libc_nano.a(lib_a-lock.o)
 .ARM.attributes
                0x0000000000000a33       0x34 c:/st/stm32cubeide_1.9.0/stm32cubeide/plugins/com.st.stm32cube.ide.mcu.externaltools.gnu-tools-for-stm32.10.3-2021.10.win32_1.0.0.202111181127/tools/bin/../lib/gcc/arm-none-eabi/10.3.1/../../../../arm-none-eabi/lib/thumb/v7e-m+fp/hard\libc_nano.a(lib_a-makebuf.o)
 .ARM.attributes
                0x0000000000000a67       0x34 c:/st/stm32cubeide_1.9.0/stm32cubeide/plugins/com.st.stm32cube.ide.mcu.externaltools.gnu-tools-for-stm32.10.3-2021.10.win32_1.0.0.202111181127/tools/bin/../lib/gcc/arm-none-eabi/10.3.1/../../../../arm-none-eabi/lib/thumb/v7e-m+fp/hard\libc_nano.a(lib_a-malloc.o)
 .ARM.attributes
                0x0000000000000a9b       0x34 c:/st/stm32cubeide_1.9.0/stm32cubeide/plugins/com.st.stm32cube.ide.mcu.externaltools.gnu-tools-for-stm32.10.3-2021.10.win32_1.0.0.202111181127/tools/bin/../lib/gcc/arm-none-eabi/10.3.1/../../../../arm-none-eabi/lib/thumb/v7e-m+fp/hard\libc_nano.a(lib_a-nano-freer.o)
 .ARM.attributes
                0x0000000000000acf       0x34 c:/st/stm32cubeide_1.9.0/stm32cubeide/plugins/com.st.stm32cube.ide.mcu.externaltools.gnu-tools-for-stm32.10.3-2021.10.win32_1.0.0.202111181127/tools/bin/../lib/gcc/arm-none-eabi/10.3.1/../../../../arm-none-eabi/lib/thumb/v7e-m+fp/hard\libc_nano.a(lib_a-nano-mallocr.o)
 .ARM.attributes
                0x0000000000000b03       0x34 c:/st/stm32cubeide_1.9.0/stm32cubeide/plugins/com.st.stm32cube.ide.mcu.externaltools.gnu-tools-for-stm32.10.3-2021.10.win32_1.0.0.202111181127/tools/bin/../lib/gcc/arm-none-eabi/10.3.1/../../../../arm-none-eabi/lib/thumb/v7e-m+fp/hard\libc_nano.a(lib_a-s_finite.o)
 .ARM.attributes
                0x0000000000000b37       0x34 c:/st/stm32cubeide_1.9.0/stm32cubeide/plugins/com.st.stm32cube.ide.mcu.externaltools.gnu-tools-for-stm32.10.3-2021.10.win32_1.0.0.202111181127/tools/bin/../lib/gcc/arm-none-eabi/10.3.1/../../../../arm-none-eabi/lib/thumb/v7e-m+fp/hard\libc_nano.a(lib_a-sbrkr.o)
 .ARM.attributes
                0x0000000000000b6b       0x34 c:/st/stm32cubeide_1.9.0/stm32cubeide/plugins/com.st.stm32cube.ide.mcu.externaltools.gnu-tools-for-stm32.10.3-2021.10.win32_1.0.0.202111181127/tools/bin/../lib/gcc/arm-none-eabi/10.3.1/../../../../arm-none-eabi/lib/thumb/v7e-m+fp/hard\libc_nano.a(lib_a-stdio.o)
 .ARM.attributes
                0x0000000000000b9f       0x34 c:/st/stm32cubeide_1.9.0/stm32cubeide/plugins/com.st.stm32cube.ide.mcu.externaltools.gnu-tools-for-stm32.10.3-2021.10.win32_1.0.0.202111181127/tools/bin/../lib/gcc/arm-none-eabi/10.3.1/../../../../arm-none-eabi/lib/thumb/v7e-m+fp/hard\libc_nano.a(lib_a-writer.o)
 .ARM.attributes
                0x0000000000000bd3       0x34 c:/st/stm32cubeide_1.9.0/stm32cubeide/plugins/com.st.stm32cube.ide.mcu.externaltools.gnu-tools-for-stm32.10.3-2021.10.win32_1.0.0.202111181127/tools/bin/../lib/gcc/arm-none-eabi/10.3.1/../../../../arm-none-eabi/lib/thumb/v7e-m+fp/hard\libc_nano.a(lib_a-closer.o)
 .ARM.attributes
                0x0000000000000c07       0x34 c:/st/stm32cubeide_1.9.0/stm32cubeide/plugins/com.st.stm32cube.ide.mcu.externaltools.gnu-tools-for-stm32.10.3-2021.10.win32_1.0.0.202111181127/tools/bin/../lib/gcc/arm-none-eabi/10.3.1/../../../../arm-none-eabi/lib/thumb/v7e-m+fp/hard\libc_nano.a(lib_a-fstatr.o)
 .ARM.attributes
                0x0000000000000c3b       0x34 c:/st/stm32cubeide_1.9.0/stm32cubeide/plugins/com.st.stm32cube.ide.mcu.externaltools.gnu-tools-for-stm32.10.3-2021.10.win32_1.0.0.202111181127/tools/bin/../lib/gcc/arm-none-eabi/10.3.1/../../../../arm-none-eabi/lib/thumb/v7e-m+fp/hard\libc_nano.a(lib_a-lseekr.o)
 .ARM.attributes
                0x0000000000000c6f       0x34 c:/st/stm32cubeide_1.9.0/stm32cubeide/plugins/com.st.stm32cube.ide.mcu.externaltools.gnu-tools-for-stm32.10.3-2021.10.win32_1.0.0.202111181127/tools/bin/../lib/gcc/arm-none-eabi/10.3.1/../../../../arm-none-eabi/lib/thumb/v7e-m+fp/hard\libc_nano.a(lib_a-mlock.o)
 .ARM.attributes
                0x0000000000000ca3       0x34 c:/st/stm32cubeide_1.9.0/stm32cubeide/plugins/com.st.stm32cube.ide.mcu.externaltools.gnu-tools-for-stm32.10.3-2021.10.win32_1.0.0.202111181127/tools/bin/../lib/gcc/arm-none-eabi/10.3.1/../../../../arm-none-eabi/lib/thumb/v7e-m+fp/hard\libc_nano.a(lib_a-readr.o)
 .ARM.attributes
                0x0000000000000cd7       0x34 c:/st/stm32cubeide_1.9.0/stm32cubeide/plugins/com.st.stm32cube.ide.mcu.externaltools.gnu-tools-for-stm32.10.3-2021.10.win32_1.0.0.202111181127/tools/bin/../lib/gcc/arm-none-eabi/10.3.1/../../../../arm-none-eabi/lib/thumb/v7e-m+fp/hard\libc_nano.a(lib_a-reent.o)
 .ARM.attributes
                0x0000000000000d0b       0x34 c:/st/stm32cubeide_1.9.0/stm32cubeide/plugins/com.st.stm32cube.ide.mcu.externaltools.gnu-tools-for-stm32.10.3-2021.10.win32_1.0.0.202111181127/tools/bin/../lib/gcc/arm-none-eabi/10.3.1/../../../../arm-none-eabi/lib/thumb/v7e-m+fp/hard\libm.a(lib_a-sf_round.o)
 .ARM.attributes
                0x0000000000000d3f       0x34 c:/st/stm32cubeide_1.9.0/stm32cubeide/plugins/com.st.stm32cube.ide.mcu.externaltools.gnu-tools-for-stm32.10.3-2021.10.win32_1.0.0.202111181127/tools/bin/../lib/gcc/arm-none-eabi/10.3.1/../../../../arm-none-eabi/lib/thumb/v7e-m+fp/hard\libm.a(lib_a-sf_tan.o)
 .ARM.attributes
                0x0000000000000d73       0x34 c:/st/stm32cubeide_1.9.0/stm32cubeide/plugins/com.st.stm32cube.ide.mcu.externaltools.gnu-tools-for-stm32.10.3-2021.10.win32_1.0.0.202111181127/tools/bin/../lib/gcc/arm-none-eabi/10.3.1/../../../../arm-none-eabi/lib/thumb/v7e-m+fp/hard\libm.a(lib_a-w_fmod.o)
 .ARM.attributes
                0x0000000000000da7       0x34 c:/st/stm32cubeide_1.9.0/stm32cubeide/plugins/com.st.stm32cube.ide.mcu.externaltools.gnu-tools-for-stm32.10.3-2021.10.win32_1.0.0.202111181127/tools/bin/../lib/gcc/arm-none-eabi/10.3.1/../../../../arm-none-eabi/lib/thumb/v7e-m+fp/hard\libm.a(lib_a-w_sqrt.o)
 .ARM.attributes
                0x0000000000000ddb       0x34 c:/st/stm32cubeide_1.9.0/stm32cubeide/plugins/com.st.stm32cube.ide.mcu.externaltools.gnu-tools-for-stm32.10.3-2021.10.win32_1.0.0.202111181127/tools/bin/../lib/gcc/arm-none-eabi/10.3.1/../../../../arm-none-eabi/lib/thumb/v7e-m+fp/hard\libm.a(lib_a-e_fmod.o)
 .ARM.attributes