../Drivers/STM32G4xx_HAL_Driver/Inc/stm32g4xx_ll_gpio.h:865:26:LL_GPIO_IsOutputPinSet	16	static
../Drivers/STM32G4xx_HAL_Driver/Inc/stm32g4xx_ll_gpio.h:894:22:LL_GPIO_SetOutputPin	16	static
../Drivers/STM32G4xx_HAL_Driver/Inc/stm32g4xx_ll_gpio.h:923:22:LL_GPIO_ResetOutputPin	16	static
../Drivers/STM32G4xx_HAL_Driver/Inc/stm32g4xx_ll_gpio.h:952:22:LL_GPIO_TogglePin	24	static
../System/LED.c:111:6:LED_init	8	static
../System/LED.c:185:6:LED_on	16	static
../System/LED.c:214:6:LED_off	16	static
../System/LED.c:225:6:LED_toggle	16	static
../System/LED.c:235:6:LED_set	16	static
../System/LED.c:269:6:LEDs_on	24	static
../System/LED.c:300:6:LEDs_off	24	static
../System/LED.c:337:6:LEDs_write	24	static
../System/LED.c:379:9:LED_is_on	16	static
../System/LED.c:391:9:LEDs_read	16	static
../System/LED.c:420:6:LED_demo	16	static
