../Application/graphics.c:87:6:GFX_display_image_array	24	static
../Application/graphics.c:95:6:GFX_display_image_object	16	static
../Application/graphics.c:104:10:GFX_get_image_pixel	24	static
../Application/graphics.c:129:6:GFX_get_image_part	40	static
../Application/graphics.c:163:11:GFX_allocate_image_buffer	16	static
../Application/graphics.c:169:6:GFX_deallocate_image_buffer	16	static
../Application/graphics.c:188:6:GFX_draw_gfx_object	16	static
../Application/graphics.c:200:6:GFX_save_gfx_object_location	16	static
../Application/graphics.c:215:6:GFX_restore_gfx_object_old_location	16	static
../Application/graphics.c:232:6:GFX_init_location_restrictions	24	static
../Application/graphics.c:263:9:GFX_is_point_inside_location	16	static
../Application/graphics.c:279:9:GFX_is_location_inside_object_restrictions	16	static
../Application/graphics.c:300:9:GFX_set_gfx_object_location	16	static
../Application/graphics.c:336:9:GFX_init_gfx_object_location	24	static
../Application/graphics.c:355:9:GFX_set_gfx_object_center_location	16	static
../Application/graphics.c:386:9:GFX_init_gfx_object_center_location	24	static
../Application/graphics.c:405:9:GFX_move_gfx_object	16	static
../Application/graphics.c:419:9:GFX_move_gfx_object_center	16	static
../Application/graphics.c:440:6:GFX_set_gfx_object_velocity	16	static
../Application/graphics.c:447:6:GFX_move_location	24	static
../Application/graphics.c:461:9:GFX_update_moving_gfx_object_location	24	static
../Application/graphics.c:532:9:GFX_bounce_moving_object_from_edge	24	static
../Application/graphics.c:621:6:GFX_get_object_movement_area	16	static
../Application/graphics.c:641:6:GFX_absolute_coordinates_to_object_coordinates	24	static
../Application/graphics.c:653:9:GFX_are_locations_overlapping	16	static
../Application/graphics.c:672:9:GFX_are_gfx_objects_overlapping	16	static
../Application/graphics.c:682:6:GFX_allocate_partial_frame_buffer_for_display_area	16	static
../Application/graphics.c:708:6:GFX_copy_image_part_to_partial_frame_buffer	32	static
../Application/graphics.c:716:6:GFX_partial_frame_buffer_overlay_object	40	static
../Application/graphics.c:760:6:GFX_deallocate_partial_frame_buffer	8	static
../Application/graphics.c:774:6:GFX_draw_one_gfx_object_on_background	32	static
../Application/graphics.c:867:6:GFX_draw_two_gfx_objects_on_background	64	static
../Application/graphics.c:973:6:GFX_clear_area_on_background	32	static
../Application/graphics.c:1010:6:GFX_clear_location_on_background	32	static
../Application/graphics.c:1019:6:GFX_clear_gfx_object_on_background	32	static
../Application/graphics.c:1062:6:GFX_update_two_gfx_objects_on_background	24	static
../Application/graphics.c:1079:6:GFX_display_text_object	16	static
../Application/graphics.c:1092:6:GFX_display_progress_bar	32	static
../Application/graphics.c:1117:6:GFX_demo_sub_image	10024	static
../Application/graphics.c:1134:6:GFX_demo_sub_image_with_malloc	32	static
../Application/graphics.c:1157:6:GFX_demo_draw_one_object_on_backround	16	static
../Application/graphics.c:1168:6:GFX_demo_arduino_objects	8	static
../Application/graphics.c:1192:6:GFX_demo_objects_overlapping_delete_draw	8	static
../Application/graphics.c:1216:6:GFX_demo_move_one_object_delete_draw	24	static
../Application/graphics.c:1250:6:GFX_demo_update_two_gfx_objects_on_background_delete_draw	24	static
../Application/graphics.c:1272:6:GFX_demo_two_objects_moving_delete_draw	8	static
../Application/graphics.c:1309:6:GFX_demo_move_one_object_using_movement_area	16	static
../Application/graphics.c:1336:6:GFX_demo_two_objects_moving_using_movement_areas	8	static
../Application/graphics.c:1374:6:GFX_demo_joystick_controlled_crosshair_arduino_bouncing	8	static
