../Application/objects.c:105:6:OBJ_init	8	static
../Application/objects.c:146:6:OBJ_init_settings	4	static
../Application/objects.c:167:6:OBJ_init_game_status	4	static
../Application/objects.c:178:6:OBJ_init_canvas	4	static
../Application/objects.c:226:6:OBJ_init_splash_screen	8	static
../Application/objects.c:255:6:OBJ_init_background	8	static
../Application/objects.c:297:6:OBJ_init_game_over_sprite	8	static
../Application/objects.c:326:6:OBJ_init_press_any_key_sprite	8	static
../Application/objects.c:355:6:OBJ_init_countdown_digit_sprites	8	static
../Application/objects.c:440:6:OBJ_init_arduinos	8	static
../Application/objects.c:544:6:OBJ_init_crosshair	8	static
../Application/objects.c:575:6:OBJ_crosshair_set_center_location_with_joystick	24	static
../Application/objects.c:592:6:OBJ_crosshair_update_distance_to_target	8	static
../Application/objects.c:604:9:OBJ_is_crosshair_on_target	8	static
../Application/objects.c:621:6:OBJ_init_target	16	static
../Application/objects.c:630:6:OBJ_spawn_target	24	static
../Application/objects.c:672:6:OBJ_init_score_box_title	4	static
../Application/objects.c:689:6:OBJ_set_score_text_value	16	static
../Application/objects.c:699:6:OBJ_init_score_text	8	static
../Application/objects.c:719:6:OBJ_init_time_box_title	4	static
../Application/objects.c:741:6:OBJ_init_timeout_bar	4	static
../Application/objects.c:765:6:OBJ_set_timeout_bar_value	16	static
../Application/objects.c:799:6:OBJ_demo_spawn_target	8	static
